******************************************************************************
                  TI ARM Linker PC v20.2.5                     
******************************************************************************
>> Linked Tue Dec 28 12:03:10 2021

OUTPUT FILE NAME:   <IoTProject.out>
ENTRY POINT SYMBOL: "_c_int00_noargs"  address: 00003c31


MEMORY CONFIGURATION

         name            origin    length      used     unused   attr    fill
----------------------  --------  ---------  --------  --------  ----  --------
  MAIN                  00000000   00040000  00005be0  0003a420  R  X
  INFO                  00200000   00004000  00000000  00004000  R  X
  SRAM_CODE             01000000   00010000  0000029a  0000fd66  RW X
  SRAM_DATA             20000000   00010000  0000029a  0000fd66  RW  


SEGMENT ALLOCATION MAP

run origin  load origin   length   init length attrs members
----------  ----------- ---------- ----------- ----- -------
00000000    00000000    00005be0   00005be0    r-x
  00000000    00000000    000000e4   000000e4    r-- .intvecs
  000000e4    000000e4    00004100   00004100    r-x .text
  000041e4    000041e4    000019bc   000019bc    r-- .const
  00005ba0    00005ba0    00000040   00000040    r-- .cinit
20000000    20000000    0000009c   00000000    rw-
  20000000    20000000    00000066   00000000    rw- .bss
  20000068    20000068    00000034   00000000    rw- .data
2000fe00    2000fe00    00000200   00000000    rw-
  2000fe00    2000fe00    00000200   00000000    rw- .stack


SECTION ALLOCATION MAP

 output                                  attributes/
section   page    origin      length       input sections
--------  ----  ----------  ----------   ----------------
.intvecs   0    00000000    000000e4     
                  00000000    000000e4     startup_msp432p401r_ccs.obj (.intvecs:retain)

.text      0    000000e4    00004100     
                  000000e4    00000a4e     rtsv7M4_T_le_v4SPD16_eabi.lib : _printfi.c.obj (.text:__TI_printfi)
                  00000b32    0000047e     grlib.a : string.obj (.text:Graphics_drawString)
                  00000fb0    00000270     rtsv7M4_T_le_v4SPD16_eabi.lib : _printfi.c.obj (.text:_pconv_a)
                  00001220    000001ec     main.obj (.text:main)
                  0000140c    000001d8     Crystalfontz128x128_ST7735.obj (.text:Crystalfontz128x128_PixelDrawMultiple)
                  000015e4    000001d0     rtsv7M4_T_le_v4SPD16_eabi.lib : _printfi.c.obj (.text:_pconv_g)
                  000017b4    000001b6                                   : fd_add_t2.asm.obj (.text)
                  0000196a    00000002     startup_msp432p401r_ccs.obj (.text:Default_Handler)
                  0000196c    0000015c     msp432p4xx_driverlib.lib : pcm.o (.text:__PCM_setPowerModeAdvanced)
                  00001ac8    00000144                              : timer_a.o (.text:privateTimer_AProcessClockSourceDivider)
                  00001c0c    0000013c     rtsv7M4_T_le_v4SPD16_eabi.lib : _printfi.c.obj (.text:_pconv_e)
                  00001d48    00000136                                   : fd_div_t2.asm.obj (.text)
                  00001e7e    00000002                                   : div0.asm.obj (.text)
                  00001e80    00000134     Crystalfontz128x128_ST7735.obj (.text:Crystalfontz128x128_SetDrawFrame)
                  00001fb4    00000130     msp432p4xx_driverlib.lib : cs.o (.text:CS_initClockSignal)
                  000020e4    0000012c     Crystalfontz128x128_ST7735.obj (.text:Crystalfontz128x128_Init)
                  00002210    00000124     rtsv7M4_T_le_v4SPD16_eabi.lib : _printfi.c.obj (.text:fcvt)
                  00002334    00000110                                   : s_scalbn.c.obj (.text:scalbn)
                  00002444    00000108     msp432p4xx_driverlib.lib : pcm.o (.text:__PCM_setCoreVoltageLevelAdvanced)
                  0000254c    000000fc     rtsv7M4_T_le_v4SPD16_eabi.lib : fd_mul_t2.asm.obj (.text)
                  00002648    000000fa     grlib.a : string.obj (.text:Graphics_getStringWidth)
                  00002742    00000002     --HOLE-- [fill = 0]
                  00002744    000000d8     HAL_OPT3001.obj (.text:OPT3001_getLux)
                  0000281c    000000b1     rtsv7M4_T_le_v4SPD16_eabi.lib : _printfi.c.obj (.text:_ltostr)
                  000028cd    00000001     --HOLE-- [fill = 0]
                  000028ce    000000b0     msp432p4xx_driverlib.lib : spi.o (.text:SPI_initMaster)
                  0000297e    0000009c     Crystalfontz128x128_ST7735.obj (.text:Crystalfontz128x128_RectFill)
                  00002a1a    0000009c     grlib.a : line.obj (.text:Graphics_drawLineH)
                  00002ab6    00000002     --HOLE-- [fill = 0]
                  00002ab8    0000009c     main.obj (.text:_graphicsInit)
                  00002b54    0000009c     rtsv7M4_T_le_v4SPD16_eabi.lib : memcpy_t2.asm.obj (.text)
                  00002bf0    00000096                                   : ull_div_t2.asm.obj (.text)
                  00002c86    00000002     --HOLE-- [fill = 0]
                  00002c88    00000090     main.obj (.text:buzzer_servo_set)
                  00002d18    0000008c     HAL_I2C.obj (.text:I2C_read16)
                  00002da4    00000088     msp432p4xx_driverlib.lib : gpio.o (.text:GPIO_setAsPeripheralModuleFunctionOutputPin)
                  00002e2c    00000086     rtsv7M4_T_le_v4SPD16_eabi.lib : fd_cmp_t2.asm.obj (.text:__aeabi_cdcmple)
                  00002eb2    00000086                                   : fd_cmp_t2.asm.obj (.text:__aeabi_cdrcmple)
                  00002f38    0000007a                                   : memset_t2.asm.obj (.text)
                  00002fb2    00000002     --HOLE-- [fill = 0]
                  00002fb4    00000078     system_msp432p401r.obj (.text:SystemInit)
                  0000302c    0000006e     rtsv7M4_T_le_v4SPD16_eabi.lib : _printfi.c.obj (.text:_mcpy)
                  0000309a    00000002     --HOLE-- [fill = 0]
                  0000309c    0000006c     msp432p4xx_driverlib.lib : i2c.o (.text:I2C_masterSendMultiByteFinish)
                  00003108    00000068                              : i2c.o (.text:I2C_masterSendMultiByteStart)
                  00003170    00000068                              : timer_a.o (.text:Timer_A_configureUpMode)
                  000031d8    00000068     rtsv7M4_T_le_v4SPD16_eabi.lib : copy_decompress_lzss.c.obj (.text:decompress:lzss:__TI_decompress_lzss)
                  00003240    00000066     main.obj (.text:LED_set)
                  000032a6    00000066     main.obj (.text:_hwInit)
                  0000330c    00000064     rtsv7M4_T_le_v4SPD16_eabi.lib : s_frexp.c.obj (.text:frexp)
                  00003370    00000062     msp432p4xx_driverlib.lib : i2c.o (.text:I2C_initMaster)
                  000033d2    00000060     Crystalfontz128x128_ST7735.obj (.text:Crystalfontz128x128_LineDrawH)
                  00003432    00000060     Crystalfontz128x128_ST7735.obj (.text:Crystalfontz128x128_LineDrawV)
                  00003492    0000005e     msp432p4xx_driverlib.lib : pcm.o (.text:PCM_getCoreVoltageLevel)
                  000034f0    0000005a                              : pcm.o (.text:PCM_getPowerMode)
                  0000354a    00000056     rtsv7M4_T_le_v4SPD16_eabi.lib : _printfi.c.obj (.text:_pconv_f)
                  000035a0    00000054     Crystalfontz128x128_ST7735.obj (.text:Crystalfontz128x128_SetOrientation)
                  000035f4    00000054     rtsv7M4_T_le_v4SPD16_eabi.lib : _ltoa.c.obj (.text:__TI_ltoa)
                  00003648    00000052     grlib.a : context.obj (.text:Graphics_initContext)
                  0000369a    00000052     rtsv7M4_T_le_v4SPD16_eabi.lib : _printfi.c.obj (.text:_ecpy)
                  000036ec    0000004e     msp432p4xx_driverlib.lib : timer_a.o (.text:Timer_A_initCompare)
                  0000373a    00000002     --HOLE-- [fill = 0]
                  0000373c    0000004c     rtsv7M4_T_le_v4SPD16_eabi.lib : atoi.c.obj (.text:atoi)
                  00003788    00000048     msp432p4xx_driverlib.lib : flash.o (.text:FlashCtl_setWaitState)
                  000037d0    00000048     grlib.a : string.obj (.text:Graphics_drawStringCentered)
                  00003818    00000048     HAL_I2C.obj (.text:I2C_write16)
                  00003860    00000048     rtsv7M4_T_le_v4SPD16_eabi.lib : fd_toi_t2.asm.obj (.text)
                  000038a8    00000044                                   : autoinit.c.obj (.text:__TI_auto_init_nobinit_nopinit:__TI_auto_init_nobinit_nopinit)
                  000038ec    00000040     Crystalfontz128x128_ST7735.obj (.text:Crystalfontz128x128_PixelDraw)
                  0000392c    00000040     msp432p4xx_driverlib.lib : gpio.o (.text:GPIO_setAsOutputPin)
                  0000396c    00000040     grlib.a : string.obj (.text:Graphics_getNumberOfLeadingZeros)
                  000039ac    00000040     HAL_MSP_EXP432P401R_Crystalfontz128x128_ST7735.obj (.text:HAL_LCD_SpiInit)
                  000039ec    00000040     msp432p4xx_driverlib.lib : i2c.o (.text:I2C_masterReceiveMultiByteFinish)
                  00003a2c    00000040                              : spi.o (.text:is_A_Module)
                  00003a6c    00000040     rtsv7M4_T_le_v4SPD16_eabi.lib : sprintf.c.obj (.text:sprintf)
                  00003aac    0000003e                                   : _printfi.c.obj (.text:_fcpy)
                  00003aea    00000002     --HOLE-- [fill = 0]
                  00003aec    00000038     HAL_MSP_EXP432P401R_Crystalfontz128x128_ST7735.obj (.text:HAL_LCD_writeCommand)
                  00003b24    00000038     msp432p4xx_driverlib.lib : i2c.o (.text:I2C_masterSendMultiByteStop)
                  00003b5c    00000036     grlib.a : display.obj (.text:Graphics_drawHorizontalLineOnDisplay)
                  00003b92    00000002     --HOLE-- [fill = 0]
                  00003b94    00000034     msp432p4xx_driverlib.lib : cs.o (.text:CS_setDCOCenteredFrequency)
                  00003bc8    00000034                              : i2c.o (.text:I2C_masterSendMultiByteNext)
                  00003bfc    00000034     main.obj (.text:_buzzerInit)
                  00003c30    00000034     rtsv7M4_T_le_v4SPD16_eabi.lib : boot_cortex_m.c.obj (.text:_c_int00_noargs:_c_int00_noargs)
                  00003c64    00000034     main.obj (.text:_servoInit)
                  00003c98    00000034     main.obj (.text:print_lastLine)
                  00003ccc    00000030     HAL_MSP_EXP432P401R_Crystalfontz128x128_ST7735.obj (.text:HAL_LCD_PortInit)
                  00003cfc    0000002e     rtsv7M4_T_le_v4SPD16_eabi.lib : i_tofd_t2.asm.obj (.text)
                  00003d2a    00000002     --HOLE-- [fill = 0]
                  00003d2c    0000002c     Crystalfontz128x128_ST7735.obj (.text:Crystalfontz128x128_ClearScreen)
                  00003d58    0000002c     grlib.a : display.obj (.text:Graphics_drawPixelOnDisplay)
                  00003d84    0000002c     HAL_MSP_EXP432P401R_Crystalfontz128x128_ST7735.obj (.text:HAL_LCD_writeData)
                  00003db0    00000028     Crystalfontz128x128_ST7735.obj (.text:Crystalfontz128x128_ColorTranslate)
                  00003dd8    00000028     msp432p4xx_driverlib.lib : gpio.o (.text:GPIO_setOutputHighOnPin)
                  00003e00    00000028                              : gpio.o (.text:GPIO_setOutputLowOnPin)
                  00003e28    00000024                              : wdt_a.o (.text:WDT_A_holdTimer)
                  00003e4c    00000020     HAL_I2C.obj (.text:I2C_init)
                  00003e6c    00000020     main.obj (.text:_lightSensorInit)
                  00003e8c    0000001c     msp432p4xx_driverlib.lib : i2c.o (.text:I2C_setMode)
                  00003ea8    0000001c     HAL_I2C.obj (.text:I2C_setslave)
                  00003ec4    0000001c     msp432p4xx_driverlib.lib : spi.o (.text:SPI_enableModule)
                  00003ee0    0000001c     main.obj (.text:_ledInit)
                  00003efc    0000001c     rtsv7M4_T_le_v4SPD16_eabi.lib : copy_zero_init.c.obj (.text:decompress:ZI:__TI_zero_init_nomemset:__TI_zero_init_nomemset)
                  00003f18    0000001c                                   : memccpy.c.obj (.text:memccpy)
                  00003f34    0000001a     grlib.a : display.obj (.text:Graphics_clearDisplayOnDisplay)
                  00003f4e    0000001a             : context.obj (.text:Graphics_setBackgroundColor)
                  00003f68    0000001a             : context.obj (.text:Graphics_setFont)
                  00003f82    0000001a     msp432p4xx_driverlib.lib : i2c.o (.text:I2C_masterReceiveStart)
                  00003f9c    0000001a     rtsv7M4_T_le_v4SPD16_eabi.lib : s_copysign.c.obj (.text:copysign)
                  00003fb6    00000018     msp432p4xx_driverlib.lib : i2c.o (.text:I2C_getInterruptStatus)
                  00003fce    00000002     --HOLE-- [fill = 0]
                  00003fd0    00000018                              : i2c.o (.text:I2C_isBusBusy)
                  00003fe8    00000018     HAL_I2C.obj (.text:Init_I2C_GPIO)
                  00004000    00000018     rtsv7M4_T_le_v4SPD16_eabi.lib : sprintf.c.obj (.text:_outs)
                  00004018    00000016     msp432p4xx_driverlib.lib : spi.o (.text:EUSCI_A_SPI_enable)
                  0000402e    00000016                              : spi.o (.text:EUSCI_B_SPI_enable)
                  00004044    00000016     grlib.a : context.obj (.text:Graphics_setForegroundColor)
                  0000405a    00000016             : display.obj (.text:Graphics_translateColorOnDisplay)
                  00004070    00000016     msp432p4xx_driverlib.lib : i2c.o (.text:I2C_clearInterruptFlag)
                  00004086    00000016                              : i2c.o (.text:I2C_disableModule)
                  0000409c    00000016                              : i2c.o (.text:I2C_enableModule)
                  000040b2    00000016                              : timer_a.o (.text:Timer_A_startCounter)
                  000040c8    00000016     rtsv7M4_T_le_v4SPD16_eabi.lib : strchr.c.obj (.text:strchr)
                  000040de    00000014     msp432p4xx_driverlib.lib : i2c.o (.text:I2C_masterReceiveMultiByteNext)
                  000040f2    00000014                              : i2c.o (.text:I2C_setSlaveAddress)
                  00004106    00000014     HAL_OPT3001.obj (.text:OPT3001_init)
                  0000411a    00000002     --HOLE-- [fill = 0]
                  0000411c    00000014     msp432p4xx_driverlib.lib : pcm.o (.text:PCM_getPowerState)
                  00004130    00000014     rtsv7M4_T_le_v4SPD16_eabi.lib : strlen.c.obj (.text:strlen)
                  00004144    00000012     grlib.a : context.obj (.text:Graphics_clearDisplay)
                  00004156    00000012     rtsv7M4_T_le_v4SPD16_eabi.lib : wcslen.c.obj (.text:wcslen)
                  00004168    00000010     msp432p4xx_driverlib.lib : interrupt.o (.text:Interrupt_disableMaster)
                  00004178    00000010                              : pcm.o (.text:PCM_setCoreVoltageLevel)
                  00004188    00000010                              : pcm.o (.text:PCM_setPowerMode)
                  00004198    0000000e     rtsv7M4_T_le_v4SPD16_eabi.lib : copy_decompress_none.c.obj (.text:decompress:none:__TI_decompress_none)
                  000041a6    0000000c     msp432p4xx_driverlib.lib : cpu.o (.text:CPU_cpsid)
                  000041b2    0000000c     startup_msp432p401r_ccs.obj (.text:Reset_Handler)
                  000041be    0000000a     Crystalfontz128x128_ST7735.obj (.text:Crystalfontz128x128_Flush)
                  000041c8    0000000a     rtsv7M4_T_le_v4SPD16_eabi.lib : sprintf.c.obj (.text:_outc)
                  000041d2    00000002     --HOLE-- [fill = 0]
                  000041d4    00000008                                   : errno.c.obj (.text:__aeabi_errno_addr)
                  000041dc    00000004                                   : pre_init.c.obj (.text:_system_pre_init)
                  000041e0    00000004                                   : exit.c.obj (.text:abort:abort)

.const     0    000041e4    000019bc     
                  000041e4    00000a0e     grlib.a : fontcmtt26.obj (.const:.string:g_pucCmtt26Data)
                  00004bf2    000008a5             : fontcmtt22.obj (.const:.string:g_pucCmtt22Data)
                  00005497    000002f8             : fontfixed6x8.obj (.const:.string:g_pucFontFixed6x8Data)
                  0000578f    00000101     rtsv7M4_T_le_v4SPD16_eabi.lib : ctype.c.obj (.const:.string:_ctypes_)
                  00005890    000000c8     grlib.a : fontcmtt22.obj (.const:g_sFontCmtt22)
                  00005958    000000c8             : fontcmtt26.obj (.const:g_sFontCmtt26)
                  00005a20    000000c8             : fontfixed6x8.obj (.const:g_sFontFixed6x8)
                  00005ae8    00000030     msp432p4xx_driverlib.lib : gpio.o (.const:GPIO_PORT_TO_BASE)
                  00005b18    00000020     Crystalfontz128x128_ST7735.obj (.const:g_sCrystalfontz128x128_funcs)
                  00005b38    0000001c     HAL_MSP_EXP432P401R_Crystalfontz128x128_ST7735.obj (.const:$P$T0$1)
                  00005b54    00000018     main.obj (.const:upConfigBuzzer)
                  00005b6c    00000018     main.obj (.const:upConfigServo)
                  00005b84    00000014     HAL_I2C.obj (.const:i2cConfig)
                  00005b98    00000008     Crystalfontz128x128_ST7735.obj (.const:$P$T0$1)

.cinit     0    00005ba0    00000040     
                  00005ba0    00000017     (.cinit..data.load) [load image, compression = lzss]
                  00005bb7    00000001     --HOLE-- [fill = 0]
                  00005bb8    0000000c     (__TI_handler_table)
                  00005bc4    00000004     --HOLE-- [fill = 0]
                  00005bc8    00000008     (.cinit..bss.load) [load image, compression = zero_init]
                  00005bd0    00000010     (__TI_cinit_table)

.init_array 
*          0    00000000    00000000     UNINITIALIZED

.binit     0    00000000    00000000     

.bss       0    20000000    00000066     UNINITIALIZED
                  20000000    0000001c     (.common:g_sContext_msg)
                  2000001c    0000001c     (.common:g_sContext_n)
                  20000038    0000001c     (.common:g_sContext_title)
                  20000054    00000004     (.common:lux)
                  20000058    00000004     (.common:lux2)
                  2000005c    00000002     (.common:Lcd_ScreenHeigth)
                  2000005e    00000002     (.common:Lcd_ScreenWidth)
                  20000060    00000002     (.common:Lcd_TouchTrim)
                  20000062    00000001     (.common:Lcd_FlagRead)
                  20000063    00000001     (.common:Lcd_FontSolid)
                  20000064    00000001     (.common:Lcd_Orientation)
                  20000065    00000001     (.common:Lcd_PenSolid)

.data      0    20000068    00000034     UNINITIALIZED
                  20000068    00000010     main.obj (.data:compareConfig_PWMBuzzer)
                  20000078    00000010     main.obj (.data:compareConfig_PWMServo)
                  20000088    00000010     Crystalfontz128x128_ST7735.obj (.data:g_sCrystalfontz128x128)
                  20000098    00000004     rtsv7M4_T_le_v4SPD16_eabi.lib : errno.c.obj (.data)

.stack     0    2000fe00    00000200     UNINITIALIZED
                  2000fe00    00000004     rtsv7M4_T_le_v4SPD16_eabi.lib : boot_cortex_m.c.obj (.stack)
                  2000fe04    000001fc     --HOLE--

__llvm_prf_cnts 
*          0    20000000    00000000     UNINITIALIZED

MODULE SUMMARY

       Module                                               code    ro data   rw data
       ------                                               ----    -------   -------
    .\
       main.obj                                             1212    48        248    
       HAL_I2C.obj                                          296     20        0      
       HAL_OPT3001.obj                                      236     0         0      
       system_msp432p401r.obj                               120     0         0      
    +--+----------------------------------------------------+-------+---------+---------+
       Total:                                               1864    68        248    
                                                                                     
    .\LcdDriver\
       Crystalfontz128x128_ST7735.obj                       1670    40        52     
       HAL_MSP_EXP432P401R_Crystalfontz128x128_ST7735.obj   212     28        0      
    +--+----------------------------------------------------+-------+---------+---------+
       Total:                                               1882    68        52     
                                                                                     
    .\ccs\
       startup_msp432p401r_ccs.obj                          14      228       0      
    +--+----------------------------------------------------+-------+---------+---------+
       Total:                                               14      228       0      
                                                                                     
    C:/Users/Simone/Downloads/simplelink_msp432p4_sdk_3_40_01_02/source/ti/devices/msp432p4xx/driverlib/ccs/msp432p4xx_driverlib.lib
       pcm.o                                                848     0         0      
       i2c.o                                                690     0         0      
       timer_a.o                                            528     0         0      
       cs.o                                                 356     0         0      
       gpio.o                                               280     48        0      
       spi.o                                                312     0         0      
       flash.o                                              72      0         0      
       wdt_a.o                                              36      0         0      
       interrupt.o                                          16      0         0      
       cpu.o                                                12      0         0      
    +--+----------------------------------------------------+-------+---------+---------+
       Total:                                               3150    48        0      
                                                                                     
    C:/Users/Simone/Downloads/simplelink_msp432p4_sdk_3_40_01_02/source/ti/grlib/lib/ccs/m4f/grlib.a
       fontcmtt26.obj                                       0       2774      0      
       fontcmtt22.obj                                       0       2413      0      
       string.obj                                           1536    0         0      
       fontfixed6x8.obj                                     0       960       0      
       context.obj                                          174     0         0      
       line.obj                                             156     0         0      
       display.obj                                          146     0         0      
    +--+----------------------------------------------------+-------+---------+---------+
       Total:                                               2012    6147      0      
                                                                                     
    C:\ti\ccs1040\ccs\tools\compiler\ti-cgt-arm_20.2.5.LTS\lib\rtsv7M4_T_le_v4SPD16_eabi.lib
       _printfi.c.obj                                       4851    0         0      
       fd_add_t2.asm.obj                                    438     0         0      
       fd_div_t2.asm.obj                                    310     0         0      
       s_scalbn.c.obj                                       272     0         0      
       fd_cmp_t2.asm.obj                                    268     0         0      
       ctype.c.obj                                          0       257       0      
       fd_mul_t2.asm.obj                                    252     0         0      
       memcpy_t2.asm.obj                                    156     0         0      
       ull_div_t2.asm.obj                                   150     0         0      
       memset_t2.asm.obj                                    122     0         0      
       copy_decompress_lzss.c.obj                           104     0         0      
       s_frexp.c.obj                                        100     0         0      
       sprintf.c.obj                                        98      0         0      
       _ltoa.c.obj                                          84      0         0      
       atoi.c.obj                                           76      0         0      
       fd_toi_t2.asm.obj                                    72      0         0      
       autoinit.c.obj                                       68      0         0      
       boot_cortex_m.c.obj                                  52      0         0      
       i_tofd_t2.asm.obj                                    46      0         0      
       copy_zero_init.c.obj                                 28      0         0      
       memccpy.c.obj                                        28      0         0      
       s_copysign.c.obj                                     26      0         0      
       strchr.c.obj                                         22      0         0      
       strlen.c.obj                                         20      0         0      
       wcslen.c.obj                                         18      0         0      
       errno.c.obj                                          8       0         8      
       copy_decompress_none.c.obj                           14      0         0      
       exit.c.obj                                           4       0         0      
       pre_init.c.obj                                       4       0         0      
       div0.asm.obj                                         2       0         0      
    +--+----------------------------------------------------+-------+---------+---------+
       Total:                                               7693    257       8      
                                                                                     
       Stack:                                               0       0         1024   
       Linker Generated:                                    0       59        0      
    +--+----------------------------------------------------+-------+---------+---------+
       Grand Total:                                         16615   6875      1332   


LINKER GENERATED COPY TABLES

__TI_cinit_table @ 00005bd0 records: 2, size/record: 8, table size: 16
	.data: load addr=00005ba0, load size=00000017 bytes, run addr=20000068, run size=00000034 bytes, compression=lzss
	.bss: load addr=00005bc8, load size=00000008 bytes, run addr=20000000, run size=00000066 bytes, compression=zero_init


LINKER GENERATED HANDLER TABLE

__TI_handler_table @ 00005bb8 records: 3, size/record: 4, table size: 12
	index: 0, handler: __TI_decompress_lzss
	index: 1, handler: __TI_decompress_none
	index: 2, handler: __TI_zero_init


GLOBAL SYMBOLS: SORTED ALPHABETICALLY BY Name 

address   name                                       
-------   ----                                       
0000196b  ADC14_IRQHandler                           
0000196b  AES256_IRQHandler                          
0000196b  BusFault_Handler                           
000041e1  C$$EXIT                                    
0000196b  COMP_E0_IRQHandler                         
0000196b  COMP_E1_IRQHandler                         
000041a7  CPU_cpsid                                  
0000196b  CS_IRQHandler                              
00001fb5  CS_initClockSignal                         
00003b95  CS_setDCOCenteredFrequency                 
000020e5  Crystalfontz128x128_Init                   
00001e81  Crystalfontz128x128_SetDrawFrame           
000035a1  Crystalfontz128x128_SetOrientation         
0000196b  DMA_ERR_IRQHandler                         
0000196b  DMA_INT0_IRQHandler                        
0000196b  DMA_INT1_IRQHandler                        
0000196b  DMA_INT2_IRQHandler                        
0000196b  DMA_INT3_IRQHandler                        
0000196b  DebugMon_Handler                           
0000196b  Default_Handler                            
0000196b  EUSCIA0_IRQHandler                         
0000196b  EUSCIA1_IRQHandler                         
0000196b  EUSCIA2_IRQHandler                         
0000196b  EUSCIA3_IRQHandler                         
0000196b  EUSCIB0_IRQHandler                         
0000196b  EUSCIB1_IRQHandler                         
0000196b  EUSCIB2_IRQHandler                         
0000196b  EUSCIB3_IRQHandler                         
00004019  EUSCI_A_SPI_enable                         
0000402f  EUSCI_B_SPI_enable                         
0000196b  FLCTL_IRQHandler                           
0000196b  FPU_IRQHandler                             
00003789  FlashCtl_setWaitState                      
0000392d  GPIO_setAsOutputPin                        
00002da5  GPIO_setAsPeripheralModuleFunctionOutputPin
00003dd9  GPIO_setOutputHighOnPin                    
00003e01  GPIO_setOutputLowOnPin                     
00004145  Graphics_clearDisplay                      
00003f35  Graphics_clearDisplayOnDisplay             
00003b5d  Graphics_drawHorizontalLineOnDisplay       
00002a1b  Graphics_drawLineH                         
00003d59  Graphics_drawPixelOnDisplay                
00000b33  Graphics_drawString                        
000037d1  Graphics_drawStringCentered                
00002649  Graphics_getStringWidth                    
00003649  Graphics_initContext                       
00003f4f  Graphics_setBackgroundColor                
00003f69  Graphics_setFont                           
00004045  Graphics_setForegroundColor                
0000405b  Graphics_translateColorOnDisplay           
00003ccd  HAL_LCD_PortInit                           
000039ad  HAL_LCD_SpiInit                            
00003aed  HAL_LCD_writeCommand                       
00003d85  HAL_LCD_writeData                          
0000196b  HardFault_Handler                          
00004071  I2C_clearInterruptFlag                     
00004087  I2C_disableModule                          
0000409d  I2C_enableModule                           
00003fb7  I2C_getInterruptStatus                     
00003e4d  I2C_init                                   
00003371  I2C_initMaster                             
00003fd1  I2C_isBusBusy                              
000039ed  I2C_masterReceiveMultiByteFinish           
000040df  I2C_masterReceiveMultiByteNext             
00003f83  I2C_masterReceiveStart                     
0000309d  I2C_masterSendMultiByteFinish              
00003bc9  I2C_masterSendMultiByteNext                
00003109  I2C_masterSendMultiByteStart               
00003b25  I2C_masterSendMultiByteStop                
00002d19  I2C_read16                                 
00003e8d  I2C_setMode                                
000040f3  I2C_setSlaveAddress                        
00003ea9  I2C_setslave                               
00003819  I2C_write16                                
00003fe9  Init_I2C_GPIO                              
00004169  Interrupt_disableMaster                    
00003241  LED_set                                    
20000062  Lcd_FlagRead                               
20000063  Lcd_FontSolid                              
20000064  Lcd_Orientation                            
20000065  Lcd_PenSolid                               
2000005c  Lcd_ScreenHeigth                           
2000005e  Lcd_ScreenWidth                            
20000060  Lcd_TouchTrim                              
0000196b  MemManage_Handler                          
0000196b  NMI_Handler                                
00002745  OPT3001_getLux                             
00004107  OPT3001_init                               
0000196b  PCM_IRQHandler                             
00003493  PCM_getCoreVoltageLevel                    
000034f1  PCM_getPowerMode                           
0000411d  PCM_getPowerState                          
00004179  PCM_setCoreVoltageLevel                    
00004189  PCM_setPowerMode                           
0000196b  PORT1_IRQHandler                           
0000196b  PORT2_IRQHandler                           
0000196b  PORT3_IRQHandler                           
0000196b  PORT4_IRQHandler                           
0000196b  PORT5_IRQHandler                           
0000196b  PORT6_IRQHandler                           
0000196b  PSS_IRQHandler                             
0000196b  PendSV_Handler                             
0000196b  RTC_C_IRQHandler                           
000041b3  Reset_Handler                              
00003ec5  SPI_enableModule                           
000028cf  SPI_initMaster                             
0000196b  SVC_Handler                                
0000196b  SysTick_Handler                            
00002fb5  SystemInit                                 
0000196b  T32_INT1_IRQHandler                        
0000196b  T32_INT2_IRQHandler                        
0000196b  T32_INTC_IRQHandler                        
0000196b  TA0_0_IRQHandler                           
0000196b  TA0_N_IRQHandler                           
0000196b  TA1_0_IRQHandler                           
0000196b  TA1_N_IRQHandler                           
0000196b  TA2_0_IRQHandler                           
0000196b  TA2_N_IRQHandler                           
0000196b  TA3_0_IRQHandler                           
0000196b  TA3_N_IRQHandler                           
00003171  Timer_A_configureUpMode                    
000036ed  Timer_A_initCompare                        
000040b3  Timer_A_startCounter                       
0000196b  UsageFault_Handler                         
4000480c  WDTCTL_SYM                                 
0000196b  WDT_A_IRQHandler                           
00003e29  WDT_A_holdTimer                            
20010000  __STACK_END                                
00000200  __STACK_SIZE                               
00005bd0  __TI_CINIT_Base                            
00005be0  __TI_CINIT_Limit                           
00005bb8  __TI_Handler_Table_Base                    
00005bc4  __TI_Handler_Table_Limit                   
000038a9  __TI_auto_init_nobinit_nopinit             
000031d9  __TI_decompress_lzss                       
00004199  __TI_decompress_none                       
000035f5  __TI_ltoa                                  
ffffffff  __TI_pprof_out_hndl                        
000000e5  __TI_printfi                               
ffffffff  __TI_prof_data_size                        
ffffffff  __TI_prof_data_start                       
00000000  __TI_static_base__                         
00003efd  __TI_zero_init_nomemset                    
00002e2d  __aeabi_cdcmpeq                            
00002e2d  __aeabi_cdcmple                            
00002eb3  __aeabi_cdrcmple                           
00003861  __aeabi_d2iz                               
000017bf  __aeabi_dadd                               
00001d49  __aeabi_ddiv                               
0000254d  __aeabi_dmul                               
000017b5  __aeabi_dsub                               
000041d5  __aeabi_errno_addr                         
00003cfd  __aeabi_i2d                                
00001e7f  __aeabi_idiv0                              
00001e7f  __aeabi_ldiv0                              
00002f39  __aeabi_memclr                             
00002f39  __aeabi_memclr4                            
00002f39  __aeabi_memclr8                            
00002b55  __aeabi_memcpy                             
00002b55  __aeabi_memcpy4                            
00002b55  __aeabi_memcpy8                            
00002f3b  __aeabi_memset                             
00002f3b  __aeabi_memset4                            
00002f3b  __aeabi_memset8                            
00002bf1  __aeabi_uldivmod                           
ffffffff  __binit__                                  
ffffffff  __c_args__                                 
UNDEFED   __mpu_init                                 
2000fe00  __stack                                    
20000000  __start___llvm_prf_cnts                    
20000000  __stop___llvm_prf_cnts                     
00003bfd  _buzzerInit                                
00003c31  _c_int00_noargs                            
0000578f  _ctypes_                                   
00002ab9  _graphicsInit                              
000032a7  _hwInit                                    
00003ee1  _ledInit                                   
00003e6d  _lightSensorInit                           
00003c65  _servoInit                                 
UNDEFED   _system_post_cinit                         
000041dd  _system_pre_init                           
000041e1  abort                                      
0000373d  atoi                                       
ffffffff  binit                                      
00002c89  buzzer_servo_set                           
20000068  compareConfig_PWMBuzzer                    
20000078  compareConfig_PWMServo                     
00003f9d  copysign                                   
00003f9d  copysignl                                  
20000098  errno                                      
0000330d  frexp                                      
0000330d  frexpl                                     
20000000  g_sContext_msg                             
2000001c  g_sContext_n                               
20000038  g_sContext_title                           
20000088  g_sCrystalfontz128x128                     
00005b18  g_sCrystalfontz128x128_funcs               
00005890  g_sFontCmtt22                              
00005958  g_sFontCmtt26                              
00005a20  g_sFontFixed6x8                            
00005b84  i2cConfig                                  
00000000  interruptVectors                           
00002335  ldexp                                      
00002335  ldexpl                                     
20000054  lux                                        
20000058  lux2                                       
00001221  main                                       
00003f19  memccpy                                    
00002b55  memcpy                                     
00002f41  memset                                     
00003c99  print_lastLine                             
00002335  scalbn                                     
00002335  scalbnl                                    
00003a6d  sprintf                                    
000040c9  strchr                                     
00004131  strlen                                     
00005b54  upConfigBuzzer                             
00005b6c  upConfigServo                              
00004157  wcslen                                     


GLOBAL SYMBOLS: SORTED BY Symbol Address 

address   name                                       
-------   ----                                       
00000000  __TI_static_base__                         
00000000  interruptVectors                           
000000e5  __TI_printfi                               
00000200  __STACK_SIZE                               
00000b33  Graphics_drawString                        
00001221  main                                       
000017b5  __aeabi_dsub                               
000017bf  __aeabi_dadd                               
0000196b  ADC14_IRQHandler                           
0000196b  AES256_IRQHandler                          
0000196b  BusFault_Handler                           
0000196b  COMP_E0_IRQHandler                         
0000196b  COMP_E1_IRQHandler                         
0000196b  CS_IRQHandler                              
0000196b  DMA_ERR_IRQHandler                         
0000196b  DMA_INT0_IRQHandler                        
0000196b  DMA_INT1_IRQHandler                        
0000196b  DMA_INT2_IRQHandler                        
0000196b  DMA_INT3_IRQHandler                        
0000196b  DebugMon_Handler                           
0000196b  Default_Handler                            
0000196b  EUSCIA0_IRQHandler                         
0000196b  EUSCIA1_IRQHandler                         
0000196b  EUSCIA2_IRQHandler                         
0000196b  EUSCIA3_IRQHandler                         
0000196b  EUSCIB0_IRQHandler                         
0000196b  EUSCIB1_IRQHandler                         
0000196b  EUSCIB2_IRQHandler                         
0000196b  EUSCIB3_IRQHandler                         
0000196b  FLCTL_IRQHandler                           
0000196b  FPU_IRQHandler                             
0000196b  HardFault_Handler                          
0000196b  MemManage_Handler                          
0000196b  NMI_Handler                                
0000196b  PCM_IRQHandler                             
0000196b  PORT1_IRQHandler                           
0000196b  PORT2_IRQHandler                           
0000196b  PORT3_IRQHandler                           
0000196b  PORT4_IRQHandler                           
0000196b  PORT5_IRQHandler                           
0000196b  PORT6_IRQHandler                           
0000196b  PSS_IRQHandler                             
0000196b  PendSV_Handler                             
0000196b  RTC_C_IRQHandler                           
0000196b  SVC_Handler                                
0000196b  SysTick_Handler                            
0000196b  T32_INT1_IRQHandler                        
0000196b  T32_INT2_IRQHandler                        
0000196b  T32_INTC_IRQHandler                        
0000196b  TA0_0_IRQHandler                           
0000196b  TA0_N_IRQHandler                           
0000196b  TA1_0_IRQHandler                           
0000196b  TA1_N_IRQHandler                           
0000196b  TA2_0_IRQHandler                           
0000196b  TA2_N_IRQHandler                           
0000196b  TA3_0_IRQHandler                           
0000196b  TA3_N_IRQHandler                           
0000196b  UsageFault_Handler                         
0000196b  WDT_A_IRQHandler                           
00001d49  __aeabi_ddiv                               
00001e7f  __aeabi_idiv0                              
00001e7f  __aeabi_ldiv0                              
00001e81  Crystalfontz128x128_SetDrawFrame           
00001fb5  CS_initClockSignal                         
000020e5  Crystalfontz128x128_Init                   
00002335  ldexp                                      
00002335  ldexpl                                     
00002335  scalbn                                     
00002335  scalbnl                                    
0000254d  __aeabi_dmul                               
00002649  Graphics_getStringWidth                    
00002745  OPT3001_getLux                             
000028cf  SPI_initMaster                             
00002a1b  Graphics_drawLineH                         
00002ab9  _graphicsInit                              
00002b55  __aeabi_memcpy                             
00002b55  __aeabi_memcpy4                            
00002b55  __aeabi_memcpy8                            
00002b55  memcpy                                     
00002bf1  __aeabi_uldivmod                           
00002c89  buzzer_servo_set                           
00002d19  I2C_read16                                 
00002da5  GPIO_setAsPeripheralModuleFunctionOutputPin
00002e2d  __aeabi_cdcmpeq                            
00002e2d  __aeabi_cdcmple                            
00002eb3  __aeabi_cdrcmple                           
00002f39  __aeabi_memclr                             
00002f39  __aeabi_memclr4                            
00002f39  __aeabi_memclr8                            
00002f3b  __aeabi_memset                             
00002f3b  __aeabi_memset4                            
00002f3b  __aeabi_memset8                            
00002f41  memset                                     
00002fb5  SystemInit                                 
0000309d  I2C_masterSendMultiByteFinish              
00003109  I2C_masterSendMultiByteStart               
00003171  Timer_A_configureUpMode                    
000031d9  __TI_decompress_lzss                       
00003241  LED_set                                    
000032a7  _hwInit                                    
0000330d  frexp                                      
0000330d  frexpl                                     
00003371  I2C_initMaster                             
00003493  PCM_getCoreVoltageLevel                    
000034f1  PCM_getPowerMode                           
000035a1  Crystalfontz128x128_SetOrientation         
000035f5  __TI_ltoa                                  
00003649  Graphics_initContext                       
000036ed  Timer_A_initCompare                        
0000373d  atoi                                       
00003789  FlashCtl_setWaitState                      
000037d1  Graphics_drawStringCentered                
00003819  I2C_write16                                
00003861  __aeabi_d2iz                               
000038a9  __TI_auto_init_nobinit_nopinit             
0000392d  GPIO_setAsOutputPin                        
000039ad  HAL_LCD_SpiInit                            
000039ed  I2C_masterReceiveMultiByteFinish           
00003a6d  sprintf                                    
00003aed  HAL_LCD_writeCommand                       
00003b25  I2C_masterSendMultiByteStop                
00003b5d  Graphics_drawHorizontalLineOnDisplay       
00003b95  CS_setDCOCenteredFrequency                 
00003bc9  I2C_masterSendMultiByteNext                
00003bfd  _buzzerInit                                
00003c31  _c_int00_noargs                            
00003c65  _servoInit                                 
00003c99  print_lastLine                             
00003ccd  HAL_LCD_PortInit                           
00003cfd  __aeabi_i2d                                
00003d59  Graphics_drawPixelOnDisplay                
00003d85  HAL_LCD_writeData                          
00003dd9  GPIO_setOutputHighOnPin                    
00003e01  GPIO_setOutputLowOnPin                     
00003e29  WDT_A_holdTimer                            
00003e4d  I2C_init                                   
00003e6d  _lightSensorInit                           
00003e8d  I2C_setMode                                
00003ea9  I2C_setslave                               
00003ec5  SPI_enableModule                           
00003ee1  _ledInit                                   
00003efd  __TI_zero_init_nomemset                    
00003f19  memccpy                                    
00003f35  Graphics_clearDisplayOnDisplay             
00003f4f  Graphics_setBackgroundColor                
00003f69  Graphics_setFont                           
00003f83  I2C_masterReceiveStart                     
00003f9d  copysign                                   
00003f9d  copysignl                                  
00003fb7  I2C_getInterruptStatus                     
00003fd1  I2C_isBusBusy                              
00003fe9  Init_I2C_GPIO                              
00004019  EUSCI_A_SPI_enable                         
0000402f  EUSCI_B_SPI_enable                         
00004045  Graphics_setForegroundColor                
0000405b  Graphics_translateColorOnDisplay           
00004071  I2C_clearInterruptFlag                     
00004087  I2C_disableModule                          
0000409d  I2C_enableModule                           
000040b3  Timer_A_startCounter                       
000040c9  strchr                                     
000040df  I2C_masterReceiveMultiByteNext             
000040f3  I2C_setSlaveAddress                        
00004107  OPT3001_init                               
0000411d  PCM_getPowerState                          
00004131  strlen                                     
00004145  Graphics_clearDisplay                      
00004157  wcslen                                     
00004169  Interrupt_disableMaster                    
00004179  PCM_setCoreVoltageLevel                    
00004189  PCM_setPowerMode                           
00004199  __TI_decompress_none                       
000041a7  CPU_cpsid                                  
000041b3  Reset_Handler                              
000041d5  __aeabi_errno_addr                         
000041dd  _system_pre_init                           
000041e1  C$$EXIT                                    
000041e1  abort                                      
0000578f  _ctypes_                                   
00005890  g_sFontCmtt22                              
00005958  g_sFontCmtt26                              
00005a20  g_sFontFixed6x8                            
00005b18  g_sCrystalfontz128x128_funcs               
00005b54  upConfigBuzzer                             
00005b6c  upConfigServo                              
00005b84  i2cConfig                                  
00005bb8  __TI_Handler_Table_Base                    
00005bc4  __TI_Handler_Table_Limit                   
00005bd0  __TI_CINIT_Base                            
00005be0  __TI_CINIT_Limit                           
20000000  __start___llvm_prf_cnts                    
20000000  __stop___llvm_prf_cnts                     
20000000  g_sContext_msg                             
2000001c  g_sContext_n                               
20000038  g_sContext_title                           
20000054  lux                                        
20000058  lux2                                       
2000005c  Lcd_ScreenHeigth                           
2000005e  Lcd_ScreenWidth                            
20000060  Lcd_TouchTrim                              
20000062  Lcd_FlagRead                               
20000063  Lcd_FontSolid                              
20000064  Lcd_Orientation                            
20000065  Lcd_PenSolid                               
20000068  compareConfig_PWMBuzzer                    
20000078  compareConfig_PWMServo                     
20000088  g_sCrystalfontz128x128                     
20000098  errno                                      
2000fe00  __stack                                    
20010000  __STACK_END                                
4000480c  WDTCTL_SYM                                 
ffffffff  __TI_pprof_out_hndl                        
ffffffff  __TI_prof_data_size                        
ffffffff  __TI_prof_data_start                       
ffffffff  __binit__                                  
ffffffff  __c_args__                                 
ffffffff  binit                                      
UNDEFED   __mpu_init                                 
UNDEFED   _system_post_cinit                         

[219 symbols]
