<?xml version="1.0" encoding="ISO-8859-1" ?>
<link_info>
   <banner>TI ARM Linker PC v20.2.5.LTS</banner>
   <copyright>Copyright (c) 1996-2018 Texas Instruments Incorporated</copyright>
   <link_time>0x61caeeee</link_time>
   <link_errors>0x0</link_errors>
   <output_file>IoTProject.out</output_file>
   <entry_point>
      <name>_c_int00_noargs</name>
      <address>0x3c31</address>
   </entry_point>
   <input_file_list>
      <input_file id="fl-2">
         <path>.\</path>
         <kind>object</kind>
         <file>HAL_I2C.obj</file>
         <name>HAL_I2C.obj</name>
      </input_file>
      <input_file id="fl-3">
         <path>.\</path>
         <kind>object</kind>
         <file>HAL_OPT3001.obj</file>
         <name>HAL_OPT3001.obj</name>
      </input_file>
      <input_file id="fl-4">
         <path>.\</path>
         <kind>object</kind>
         <file>main.obj</file>
         <name>main.obj</name>
      </input_file>
      <input_file id="fl-5">
         <path>.\</path>
         <kind>object</kind>
         <file>system_msp432p401r.obj</file>
         <name>system_msp432p401r.obj</name>
      </input_file>
      <input_file id="fl-6">
         <path>.\LcdDriver\</path>
         <kind>object</kind>
         <file>Crystalfontz128x128_ST7735.obj</file>
         <name>Crystalfontz128x128_ST7735.obj</name>
      </input_file>
      <input_file id="fl-7">
         <path>.\LcdDriver\</path>
         <kind>object</kind>
         <file>HAL_MSP_EXP432P401R_Crystalfontz128x128_ST7735.obj</file>
         <name>HAL_MSP_EXP432P401R_Crystalfontz128x128_ST7735.obj</name>
      </input_file>
      <input_file id="fl-8">
         <path>.\ccs\</path>
         <kind>object</kind>
         <file>startup_msp432p401r_ccs.obj</file>
         <name>startup_msp432p401r_ccs.obj</name>
      </input_file>
      <input_file id="fl-13">
         <kind>object</kind>
         <file>&lt;internal&gt;</file>
         <name>&lt;internal&gt;</name>
      </input_file>
      <input_file id="fl-14">
         <path>C:\Users\Simone\Downloads\simplelink_msp432p4_sdk_3_40_01_02\source\ti\grlib\lib\ccs\m4f\</path>
         <kind>archive</kind>
         <file>grlib.a</file>
         <name>context.obj</name>
      </input_file>
      <input_file id="fl-15">
         <path>C:\Users\Simone\Downloads\simplelink_msp432p4_sdk_3_40_01_02\source\ti\grlib\lib\ccs\m4f\</path>
         <kind>archive</kind>
         <file>grlib.a</file>
         <name>display.obj</name>
      </input_file>
      <input_file id="fl-16">
         <path>C:\Users\Simone\Downloads\simplelink_msp432p4_sdk_3_40_01_02\source\ti\grlib\lib\ccs\m4f\</path>
         <kind>archive</kind>
         <file>grlib.a</file>
         <name>fontcmtt22.obj</name>
      </input_file>
      <input_file id="fl-17">
         <path>C:\Users\Simone\Downloads\simplelink_msp432p4_sdk_3_40_01_02\source\ti\grlib\lib\ccs\m4f\</path>
         <kind>archive</kind>
         <file>grlib.a</file>
         <name>fontcmtt26.obj</name>
      </input_file>
      <input_file id="fl-18">
         <path>C:\Users\Simone\Downloads\simplelink_msp432p4_sdk_3_40_01_02\source\ti\grlib\lib\ccs\m4f\</path>
         <kind>archive</kind>
         <file>grlib.a</file>
         <name>fontfixed6x8.obj</name>
      </input_file>
      <input_file id="fl-19">
         <path>C:\Users\Simone\Downloads\simplelink_msp432p4_sdk_3_40_01_02\source\ti\grlib\lib\ccs\m4f\</path>
         <kind>archive</kind>
         <file>grlib.a</file>
         <name>string.obj</name>
      </input_file>
      <input_file id="fl-1a">
         <path>C:\Users\Simone\Downloads\simplelink_msp432p4_sdk_3_40_01_02\source\ti\grlib\lib\ccs\m4f\</path>
         <kind>archive</kind>
         <file>grlib.a</file>
         <name>line.obj</name>
      </input_file>
      <input_file id="fl-1b">
         <path>C:\Users\Simone\Downloads\simplelink_msp432p4_sdk_3_40_01_02\source\ti\devices\msp432p4xx\driverlib\ccs\</path>
         <kind>archive</kind>
         <file>msp432p4xx_driverlib.lib</file>
         <name>cs.o</name>
      </input_file>
      <input_file id="fl-1c">
         <path>C:\Users\Simone\Downloads\simplelink_msp432p4_sdk_3_40_01_02\source\ti\devices\msp432p4xx\driverlib\ccs\</path>
         <kind>archive</kind>
         <file>msp432p4xx_driverlib.lib</file>
         <name>flash.o</name>
      </input_file>
      <input_file id="fl-1d">
         <path>C:\Users\Simone\Downloads\simplelink_msp432p4_sdk_3_40_01_02\source\ti\devices\msp432p4xx\driverlib\ccs\</path>
         <kind>archive</kind>
         <file>msp432p4xx_driverlib.lib</file>
         <name>gpio.o</name>
      </input_file>
      <input_file id="fl-1e">
         <path>C:\Users\Simone\Downloads\simplelink_msp432p4_sdk_3_40_01_02\source\ti\devices\msp432p4xx\driverlib\ccs\</path>
         <kind>archive</kind>
         <file>msp432p4xx_driverlib.lib</file>
         <name>i2c.o</name>
      </input_file>
      <input_file id="fl-1f">
         <path>C:\Users\Simone\Downloads\simplelink_msp432p4_sdk_3_40_01_02\source\ti\devices\msp432p4xx\driverlib\ccs\</path>
         <kind>archive</kind>
         <file>msp432p4xx_driverlib.lib</file>
         <name>interrupt.o</name>
      </input_file>
      <input_file id="fl-20">
         <path>C:\Users\Simone\Downloads\simplelink_msp432p4_sdk_3_40_01_02\source\ti\devices\msp432p4xx\driverlib\ccs\</path>
         <kind>archive</kind>
         <file>msp432p4xx_driverlib.lib</file>
         <name>pcm.o</name>
      </input_file>
      <input_file id="fl-21">
         <path>C:\Users\Simone\Downloads\simplelink_msp432p4_sdk_3_40_01_02\source\ti\devices\msp432p4xx\driverlib\ccs\</path>
         <kind>archive</kind>
         <file>msp432p4xx_driverlib.lib</file>
         <name>rtc_c.o</name>
      </input_file>
      <input_file id="fl-22">
         <path>C:\Users\Simone\Downloads\simplelink_msp432p4_sdk_3_40_01_02\source\ti\devices\msp432p4xx\driverlib\ccs\</path>
         <kind>archive</kind>
         <file>msp432p4xx_driverlib.lib</file>
         <name>spi.o</name>
      </input_file>
      <input_file id="fl-23">
         <path>C:\Users\Simone\Downloads\simplelink_msp432p4_sdk_3_40_01_02\source\ti\devices\msp432p4xx\driverlib\ccs\</path>
         <kind>archive</kind>
         <file>msp432p4xx_driverlib.lib</file>
         <name>sysctl.o</name>
      </input_file>
      <input_file id="fl-24">
         <path>C:\Users\Simone\Downloads\simplelink_msp432p4_sdk_3_40_01_02\source\ti\devices\msp432p4xx\driverlib\ccs\</path>
         <kind>archive</kind>
         <file>msp432p4xx_driverlib.lib</file>
         <name>sysctl_a.o</name>
      </input_file>
      <input_file id="fl-25">
         <path>C:\Users\Simone\Downloads\simplelink_msp432p4_sdk_3_40_01_02\source\ti\devices\msp432p4xx\driverlib\ccs\</path>
         <kind>archive</kind>
         <file>msp432p4xx_driverlib.lib</file>
         <name>timer_a.o</name>
      </input_file>
      <input_file id="fl-26">
         <path>C:\Users\Simone\Downloads\simplelink_msp432p4_sdk_3_40_01_02\source\ti\devices\msp432p4xx\driverlib\ccs\</path>
         <kind>archive</kind>
         <file>msp432p4xx_driverlib.lib</file>
         <name>wdt_a.o</name>
      </input_file>
      <input_file id="fl-27">
         <path>C:\Users\Simone\Downloads\simplelink_msp432p4_sdk_3_40_01_02\source\ti\devices\msp432p4xx\driverlib\ccs\</path>
         <kind>archive</kind>
         <file>msp432p4xx_driverlib.lib</file>
         <name>cpu.o</name>
      </input_file>
      <input_file id="fl-dd">
         <path>C:\ti\ccs1040\ccs\tools\compiler\ti-cgt-arm_20.2.5.LTS\lib\</path>
         <kind>archive</kind>
         <file>rtsv7M4_T_le_v4SPD16_eabi.lib</file>
         <name>sprintf.c.obj</name>
      </input_file>
      <input_file id="fl-de">
         <path>C:\ti\ccs1040\ccs\tools\compiler\ti-cgt-arm_20.2.5.LTS\lib\</path>
         <kind>archive</kind>
         <file>rtsv7M4_T_le_v4SPD16_eabi.lib</file>
         <name>memcpy_t2.asm.obj</name>
      </input_file>
      <input_file id="fl-df">
         <path>C:\ti\ccs1040\ccs\tools\compiler\ti-cgt-arm_20.2.5.LTS\lib\</path>
         <kind>archive</kind>
         <file>rtsv7M4_T_le_v4SPD16_eabi.lib</file>
         <name>copy_zero_init.c.obj</name>
      </input_file>
      <input_file id="fl-e0">
         <path>C:\ti\ccs1040\ccs\tools\compiler\ti-cgt-arm_20.2.5.LTS\lib\</path>
         <kind>archive</kind>
         <file>rtsv7M4_T_le_v4SPD16_eabi.lib</file>
         <name>copy_decompress_none.c.obj</name>
      </input_file>
      <input_file id="fl-e1">
         <path>C:\ti\ccs1040\ccs\tools\compiler\ti-cgt-arm_20.2.5.LTS\lib\</path>
         <kind>archive</kind>
         <file>rtsv7M4_T_le_v4SPD16_eabi.lib</file>
         <name>copy_decompress_lzss.c.obj</name>
      </input_file>
      <input_file id="fl-e2">
         <path>C:\ti\ccs1040\ccs\tools\compiler\ti-cgt-arm_20.2.5.LTS\lib\</path>
         <kind>archive</kind>
         <file>rtsv7M4_T_le_v4SPD16_eabi.lib</file>
         <name>boot_cortex_m.c.obj</name>
      </input_file>
      <input_file id="fl-e3">
         <path>C:\ti\ccs1040\ccs\tools\compiler\ti-cgt-arm_20.2.5.LTS\lib\</path>
         <kind>archive</kind>
         <file>rtsv7M4_T_le_v4SPD16_eabi.lib</file>
         <name>_printfi.c.obj</name>
      </input_file>
      <input_file id="fl-e4">
         <path>C:\ti\ccs1040\ccs\tools\compiler\ti-cgt-arm_20.2.5.LTS\lib\</path>
         <kind>archive</kind>
         <file>rtsv7M4_T_le_v4SPD16_eabi.lib</file>
         <name>s_frexp.c.obj</name>
      </input_file>
      <input_file id="fl-e5">
         <path>C:\ti\ccs1040\ccs\tools\compiler\ti-cgt-arm_20.2.5.LTS\lib\</path>
         <kind>archive</kind>
         <file>rtsv7M4_T_le_v4SPD16_eabi.lib</file>
         <name>s_scalbn.c.obj</name>
      </input_file>
      <input_file id="fl-e6">
         <path>C:\ti\ccs1040\ccs\tools\compiler\ti-cgt-arm_20.2.5.LTS\lib\</path>
         <kind>archive</kind>
         <file>rtsv7M4_T_le_v4SPD16_eabi.lib</file>
         <name>wcslen.c.obj</name>
      </input_file>
      <input_file id="fl-e7">
         <path>C:\ti\ccs1040\ccs\tools\compiler\ti-cgt-arm_20.2.5.LTS\lib\</path>
         <kind>archive</kind>
         <file>rtsv7M4_T_le_v4SPD16_eabi.lib</file>
         <name>fd_add_t2.asm.obj</name>
      </input_file>
      <input_file id="fl-e8">
         <path>C:\ti\ccs1040\ccs\tools\compiler\ti-cgt-arm_20.2.5.LTS\lib\</path>
         <kind>archive</kind>
         <file>rtsv7M4_T_le_v4SPD16_eabi.lib</file>
         <name>fd_cmp_t2.asm.obj</name>
      </input_file>
      <input_file id="fl-e9">
         <path>C:\ti\ccs1040\ccs\tools\compiler\ti-cgt-arm_20.2.5.LTS\lib\</path>
         <kind>archive</kind>
         <file>rtsv7M4_T_le_v4SPD16_eabi.lib</file>
         <name>fd_div_t2.asm.obj</name>
      </input_file>
      <input_file id="fl-ea">
         <path>C:\ti\ccs1040\ccs\tools\compiler\ti-cgt-arm_20.2.5.LTS\lib\</path>
         <kind>archive</kind>
         <file>rtsv7M4_T_le_v4SPD16_eabi.lib</file>
         <name>fd_mul_t2.asm.obj</name>
      </input_file>
      <input_file id="fl-eb">
         <path>C:\ti\ccs1040\ccs\tools\compiler\ti-cgt-arm_20.2.5.LTS\lib\</path>
         <kind>archive</kind>
         <file>rtsv7M4_T_le_v4SPD16_eabi.lib</file>
         <name>fd_toi_t2.asm.obj</name>
      </input_file>
      <input_file id="fl-ec">
         <path>C:\ti\ccs1040\ccs\tools\compiler\ti-cgt-arm_20.2.5.LTS\lib\</path>
         <kind>archive</kind>
         <file>rtsv7M4_T_le_v4SPD16_eabi.lib</file>
         <name>i_tofd_t2.asm.obj</name>
      </input_file>
      <input_file id="fl-ed">
         <path>C:\ti\ccs1040\ccs\tools\compiler\ti-cgt-arm_20.2.5.LTS\lib\</path>
         <kind>archive</kind>
         <file>rtsv7M4_T_le_v4SPD16_eabi.lib</file>
         <name>ull_div_t2.asm.obj</name>
      </input_file>
      <input_file id="fl-ee">
         <path>C:\ti\ccs1040\ccs\tools\compiler\ti-cgt-arm_20.2.5.LTS\lib\</path>
         <kind>archive</kind>
         <file>rtsv7M4_T_le_v4SPD16_eabi.lib</file>
         <name>memset_t2.asm.obj</name>
      </input_file>
      <input_file id="fl-ef">
         <path>C:\ti\ccs1040\ccs\tools\compiler\ti-cgt-arm_20.2.5.LTS\lib\</path>
         <kind>archive</kind>
         <file>rtsv7M4_T_le_v4SPD16_eabi.lib</file>
         <name>autoinit.c.obj</name>
      </input_file>
      <input_file id="fl-f0">
         <path>C:\ti\ccs1040\ccs\tools\compiler\ti-cgt-arm_20.2.5.LTS\lib\</path>
         <kind>archive</kind>
         <file>rtsv7M4_T_le_v4SPD16_eabi.lib</file>
         <name>pre_init.c.obj</name>
      </input_file>
      <input_file id="fl-f1">
         <path>C:\ti\ccs1040\ccs\tools\compiler\ti-cgt-arm_20.2.5.LTS\lib\</path>
         <kind>archive</kind>
         <file>rtsv7M4_T_le_v4SPD16_eabi.lib</file>
         <name>cpy_tbl.c.obj</name>
      </input_file>
      <input_file id="fl-f2">
         <path>C:\ti\ccs1040\ccs\tools\compiler\ti-cgt-arm_20.2.5.LTS\lib\</path>
         <kind>archive</kind>
         <file>rtsv7M4_T_le_v4SPD16_eabi.lib</file>
         <name>exit.c.obj</name>
      </input_file>
      <input_file id="fl-f3">
         <path>C:\ti\ccs1040\ccs\tools\compiler\ti-cgt-arm_20.2.5.LTS\lib\</path>
         <kind>archive</kind>
         <file>rtsv7M4_T_le_v4SPD16_eabi.lib</file>
         <name>_lock.c.obj</name>
      </input_file>
      <input_file id="fl-f4">
         <path>C:\ti\ccs1040\ccs\tools\compiler\ti-cgt-arm_20.2.5.LTS\lib\</path>
         <kind>archive</kind>
         <file>rtsv7M4_T_le_v4SPD16_eabi.lib</file>
         <name>_ltoa.c.obj</name>
      </input_file>
      <input_file id="fl-f5">
         <path>C:\ti\ccs1040\ccs\tools\compiler\ti-cgt-arm_20.2.5.LTS\lib\</path>
         <kind>archive</kind>
         <file>rtsv7M4_T_le_v4SPD16_eabi.lib</file>
         <name>args_main.c.obj</name>
      </input_file>
      <input_file id="fl-f6">
         <path>C:\ti\ccs1040\ccs\tools\compiler\ti-cgt-arm_20.2.5.LTS\lib\</path>
         <kind>archive</kind>
         <file>rtsv7M4_T_le_v4SPD16_eabi.lib</file>
         <name>atoi.c.obj</name>
      </input_file>
      <input_file id="fl-f7">
         <path>C:\ti\ccs1040\ccs\tools\compiler\ti-cgt-arm_20.2.5.LTS\lib\</path>
         <kind>archive</kind>
         <file>rtsv7M4_T_le_v4SPD16_eabi.lib</file>
         <name>ctype.c.obj</name>
      </input_file>
      <input_file id="fl-f8">
         <path>C:\ti\ccs1040\ccs\tools\compiler\ti-cgt-arm_20.2.5.LTS\lib\</path>
         <kind>archive</kind>
         <file>rtsv7M4_T_le_v4SPD16_eabi.lib</file>
         <name>memccpy.c.obj</name>
      </input_file>
      <input_file id="fl-f9">
         <path>C:\ti\ccs1040\ccs\tools\compiler\ti-cgt-arm_20.2.5.LTS\lib\</path>
         <kind>archive</kind>
         <file>rtsv7M4_T_le_v4SPD16_eabi.lib</file>
         <name>strchr.c.obj</name>
      </input_file>
      <input_file id="fl-fa">
         <path>C:\ti\ccs1040\ccs\tools\compiler\ti-cgt-arm_20.2.5.LTS\lib\</path>
         <kind>archive</kind>
         <file>rtsv7M4_T_le_v4SPD16_eabi.lib</file>
         <name>strlen.c.obj</name>
      </input_file>
      <input_file id="fl-fb">
         <path>C:\ti\ccs1040\ccs\tools\compiler\ti-cgt-arm_20.2.5.LTS\lib\</path>
         <kind>archive</kind>
         <file>rtsv7M4_T_le_v4SPD16_eabi.lib</file>
         <name>errno.c.obj</name>
      </input_file>
      <input_file id="fl-fc">
         <path>C:\ti\ccs1040\ccs\tools\compiler\ti-cgt-arm_20.2.5.LTS\lib\</path>
         <kind>archive</kind>
         <file>rtsv7M4_T_le_v4SPD16_eabi.lib</file>
         <name>s_copysign.c.obj</name>
      </input_file>
      <input_file id="fl-fd">
         <path>C:\ti\ccs1040\ccs\tools\compiler\ti-cgt-arm_20.2.5.LTS\lib\</path>
         <kind>archive</kind>
         <file>rtsv7M4_T_le_v4SPD16_eabi.lib</file>
         <name>div0.asm.obj</name>
      </input_file>
   </input_file_list>
   <object_component_list>
      <object_component id="oc-26">
         <name>.intvecs:retain</name>
         <load_address>0x0</load_address>
         <run_address>0x0</run_address>
         <size>0xe4</size>
         <input_file_ref idref="fl-8"/>
      </object_component>
      <object_component id="oc-1d4">
         <name>.text:__TI_printfi</name>
         <load_address>0xe4</load_address>
         <run_address>0xe4</run_address>
         <size>0xa4e</size>
         <input_file_ref idref="fl-e3"/>
      </object_component>
      <object_component id="oc-194">
         <name>.text:Graphics_drawString</name>
         <load_address>0xb32</load_address>
         <run_address>0xb32</run_address>
         <size>0x47e</size>
         <input_file_ref idref="fl-19"/>
      </object_component>
      <object_component id="oc-342">
         <name>.text:_pconv_a</name>
         <load_address>0xfb0</load_address>
         <run_address>0xfb0</run_address>
         <size>0x270</size>
         <input_file_ref idref="fl-e3"/>
      </object_component>
      <object_component id="oc-99">
         <name>.text:main</name>
         <load_address>0x1220</load_address>
         <run_address>0x1220</run_address>
         <size>0x1ec</size>
         <input_file_ref idref="fl-4"/>
      </object_component>
      <object_component id="oc-3e8">
         <name>.text:Crystalfontz128x128_PixelDrawMultiple</name>
         <load_address>0x140c</load_address>
         <run_address>0x140c</run_address>
         <size>0x1d8</size>
         <input_file_ref idref="fl-6"/>
      </object_component>
      <object_component id="oc-330">
         <name>.text:_pconv_g</name>
         <load_address>0x15e4</load_address>
         <run_address>0x15e4</run_address>
         <size>0x1d0</size>
         <input_file_ref idref="fl-e3"/>
      </object_component>
      <object_component id="oc-4a6">
         <name>.text</name>
         <load_address>0x17b4</load_address>
         <run_address>0x17b4</run_address>
         <size>0x1b6</size>
         <input_file_ref idref="fl-e7"/>
      </object_component>
      <object_component id="oc-6d">
         <name>.text:Default_Handler</name>
         <load_address>0x196a</load_address>
         <run_address>0x196a</run_address>
         <size>0x2</size>
         <input_file_ref idref="fl-8"/>
      </object_component>
      <object_component id="oc-50a">
         <name>.text:__PCM_setPowerModeAdvanced</name>
         <load_address>0x196c</load_address>
         <run_address>0x196c</run_address>
         <size>0x15c</size>
         <input_file_ref idref="fl-20"/>
      </object_component>
      <object_component id="oc-444">
         <name>.text:privateTimer_AProcessClockSourceDivider</name>
         <load_address>0x1ac8</load_address>
         <run_address>0x1ac8</run_address>
         <size>0x144</size>
         <input_file_ref idref="fl-25"/>
      </object_component>
      <object_component id="oc-33c">
         <name>.text:_pconv_e</name>
         <load_address>0x1c0c</load_address>
         <run_address>0x1c0c</run_address>
         <size>0x13c</size>
         <input_file_ref idref="fl-e3"/>
      </object_component>
      <object_component id="oc-48c">
         <name>.text</name>
         <load_address>0x1d48</load_address>
         <run_address>0x1d48</run_address>
         <size>0x136</size>
         <input_file_ref idref="fl-e9"/>
      </object_component>
      <object_component id="oc-56f">
         <name>.text</name>
         <load_address>0x1e7e</load_address>
         <run_address>0x1e7e</run_address>
         <size>0x2</size>
         <input_file_ref idref="fl-fd"/>
      </object_component>
      <object_component id="oc-3bd">
         <name>.text:Crystalfontz128x128_SetDrawFrame</name>
         <load_address>0x1e80</load_address>
         <run_address>0x1e80</run_address>
         <size>0x134</size>
         <input_file_ref idref="fl-6"/>
      </object_component>
      <object_component id="oc-169">
         <name>.text:CS_initClockSignal</name>
         <load_address>0x1fb4</load_address>
         <run_address>0x1fb4</run_address>
         <size>0x130</size>
         <input_file_ref idref="fl-1b"/>
      </object_component>
      <object_component id="oc-247">
         <name>.text:Crystalfontz128x128_Init</name>
         <load_address>0x20e4</load_address>
         <run_address>0x20e4</run_address>
         <size>0x12c</size>
         <input_file_ref idref="fl-6"/>
      </object_component>
      <object_component id="oc-4b8">
         <name>.text:fcvt</name>
         <load_address>0x2210</load_address>
         <run_address>0x2210</run_address>
         <size>0x124</size>
         <input_file_ref idref="fl-e3"/>
      </object_component>
      <object_component id="oc-4cc">
         <name>.text:scalbn</name>
         <load_address>0x2334</load_address>
         <run_address>0x2334</run_address>
         <size>0x110</size>
         <input_file_ref idref="fl-e5"/>
      </object_component>
      <object_component id="oc-238">
         <name>.text:__PCM_setCoreVoltageLevelAdvanced</name>
         <load_address>0x2444</load_address>
         <run_address>0x2444</run_address>
         <size>0x108</size>
         <input_file_ref idref="fl-20"/>
      </object_component>
      <object_component id="oc-487">
         <name>.text</name>
         <load_address>0x254c</load_address>
         <run_address>0x254c</run_address>
         <size>0xfc</size>
         <input_file_ref idref="fl-ea"/>
      </object_component>
      <object_component id="oc-18e">
         <name>.text:Graphics_getStringWidth</name>
         <load_address>0x2648</load_address>
         <run_address>0x2648</run_address>
         <size>0xfa</size>
         <input_file_ref idref="fl-19"/>
      </object_component>
      <object_component id="oc-e2">
         <name>.text:OPT3001_getLux</name>
         <load_address>0x2744</load_address>
         <run_address>0x2744</run_address>
         <size>0xd8</size>
         <input_file_ref idref="fl-3"/>
      </object_component>
      <object_component id="oc-325">
         <name>.text:_ltostr</name>
         <load_address>0x281c</load_address>
         <run_address>0x281c</run_address>
         <size>0xb1</size>
         <input_file_ref idref="fl-e3"/>
      </object_component>
      <object_component id="oc-512">
         <name>.text:SPI_initMaster</name>
         <load_address>0x28ce</load_address>
         <run_address>0x28ce</run_address>
         <size>0xb0</size>
         <input_file_ref idref="fl-22"/>
      </object_component>
      <object_component id="oc-3fa">
         <name>.text:Crystalfontz128x128_RectFill</name>
         <load_address>0x297e</load_address>
         <run_address>0x297e</run_address>
         <size>0x9c</size>
         <input_file_ref idref="fl-6"/>
      </object_component>
      <object_component id="oc-2b0">
         <name>.text:Graphics_drawLineH</name>
         <load_address>0x2a1a</load_address>
         <run_address>0x2a1a</run_address>
         <size>0x9c</size>
         <input_file_ref idref="fl-1a"/>
      </object_component>
      <object_component id="oc-16f">
         <name>.text:_graphicsInit</name>
         <load_address>0x2ab8</load_address>
         <run_address>0x2ab8</run_address>
         <size>0x9c</size>
         <input_file_ref idref="fl-4"/>
      </object_component>
      <object_component id="oc-37">
         <name>.text</name>
         <load_address>0x2b54</load_address>
         <run_address>0x2b54</run_address>
         <size>0x9c</size>
         <input_file_ref idref="fl-de"/>
      </object_component>
      <object_component id="oc-480">
         <name>.text</name>
         <load_address>0x2bf0</load_address>
         <run_address>0x2bf0</run_address>
         <size>0x96</size>
         <input_file_ref idref="fl-ed"/>
      </object_component>
      <object_component id="oc-d6">
         <name>.text:buzzer_servo_set</name>
         <load_address>0x2c88</load_address>
         <run_address>0x2c88</run_address>
         <size>0x90</size>
         <input_file_ref idref="fl-4"/>
      </object_component>
      <object_component id="oc-1cd">
         <name>.text:I2C_read16</name>
         <load_address>0x2d18</load_address>
         <run_address>0x2d18</run_address>
         <size>0x8c</size>
         <input_file_ref idref="fl-2"/>
      </object_component>
      <object_component id="oc-1a1">
         <name>.text:GPIO_setAsPeripheralModuleFunctionOutputPin</name>
         <load_address>0x2da4</load_address>
         <run_address>0x2da4</run_address>
         <size>0x88</size>
         <input_file_ref idref="fl-1d"/>
      </object_component>
      <object_component id="oc-32b">
         <name>.text:__aeabi_cdcmple</name>
         <load_address>0x2e2c</load_address>
         <run_address>0x2e2c</run_address>
         <size>0x86</size>
         <input_file_ref idref="fl-e8"/>
      </object_component>
      <object_component id="oc-491">
         <name>.text:__aeabi_cdrcmple</name>
         <load_address>0x2eb2</load_address>
         <run_address>0x2eb2</run_address>
         <size>0x86</size>
         <input_file_ref idref="fl-e8"/>
      </object_component>
      <object_component id="oc-8d">
         <name>.text</name>
         <load_address>0x2f38</load_address>
         <run_address>0x2f38</run_address>
         <size>0x7a</size>
         <input_file_ref idref="fl-ee"/>
      </object_component>
      <object_component id="oc-ab">
         <name>.text:SystemInit</name>
         <load_address>0x2fb4</load_address>
         <run_address>0x2fb4</run_address>
         <size>0x78</size>
         <input_file_ref idref="fl-5"/>
      </object_component>
      <object_component id="oc-4b1">
         <name>.text:_mcpy</name>
         <load_address>0x302c</load_address>
         <run_address>0x302c</run_address>
         <size>0x6e</size>
         <input_file_ref idref="fl-e3"/>
      </object_component>
      <object_component id="oc-558">
         <name>.text:I2C_masterSendMultiByteFinish</name>
         <load_address>0x309c</load_address>
         <run_address>0x309c</run_address>
         <size>0x6c</size>
         <input_file_ref idref="fl-1e"/>
      </object_component>
      <object_component id="oc-2f4">
         <name>.text:I2C_masterSendMultiByteStart</name>
         <load_address>0x3108</load_address>
         <run_address>0x3108</run_address>
         <size>0x68</size>
         <input_file_ref idref="fl-1e"/>
      </object_component>
      <object_component id="oc-294">
         <name>.text:Timer_A_configureUpMode</name>
         <load_address>0x3170</load_address>
         <run_address>0x3170</run_address>
         <size>0x68</size>
         <input_file_ref idref="fl-25"/>
      </object_component>
      <object_component id="oc-17">
         <name>.text:decompress:lzss:__TI_decompress_lzss</name>
         <load_address>0x31d8</load_address>
         <run_address>0x31d8</run_address>
         <size>0x68</size>
         <input_file_ref idref="fl-e1"/>
      </object_component>
      <object_component id="oc-dc">
         <name>.text:LED_set</name>
         <load_address>0x3240</load_address>
         <run_address>0x3240</run_address>
         <size>0x66</size>
         <input_file_ref idref="fl-4"/>
      </object_component>
      <object_component id="oc-ca">
         <name>.text:_hwInit</name>
         <load_address>0x32a6</load_address>
         <run_address>0x32a6</run_address>
         <size>0x66</size>
         <input_file_ref idref="fl-4"/>
      </object_component>
      <object_component id="oc-4c6">
         <name>.text:frexp</name>
         <load_address>0x330c</load_address>
         <run_address>0x330c</run_address>
         <size>0x64</size>
         <input_file_ref idref="fl-e4"/>
      </object_component>
      <object_component id="oc-427">
         <name>.text:I2C_initMaster</name>
         <load_address>0x3370</load_address>
         <run_address>0x3370</run_address>
         <size>0x62</size>
         <input_file_ref idref="fl-1e"/>
      </object_component>
      <object_component id="oc-3ee">
         <name>.text:Crystalfontz128x128_LineDrawH</name>
         <load_address>0x33d2</load_address>
         <run_address>0x33d2</run_address>
         <size>0x60</size>
         <input_file_ref idref="fl-6"/>
      </object_component>
      <object_component id="oc-3f4">
         <name>.text:Crystalfontz128x128_LineDrawV</name>
         <load_address>0x3432</load_address>
         <run_address>0x3432</run_address>
         <size>0x60</size>
         <input_file_ref idref="fl-6"/>
      </object_component>
      <object_component id="oc-392">
         <name>.text:PCM_getCoreVoltageLevel</name>
         <load_address>0x3492</load_address>
         <run_address>0x3492</run_address>
         <size>0x5e</size>
         <input_file_ref idref="fl-20"/>
      </object_component>
      <object_component id="oc-38c">
         <name>.text:PCM_getPowerMode</name>
         <load_address>0x34f0</load_address>
         <run_address>0x34f0</run_address>
         <size>0x5a</size>
         <input_file_ref idref="fl-20"/>
      </object_component>
      <object_component id="oc-336">
         <name>.text:_pconv_f</name>
         <load_address>0x354a</load_address>
         <run_address>0x354a</run_address>
         <size>0x56</size>
         <input_file_ref idref="fl-e3"/>
      </object_component>
      <object_component id="oc-24d">
         <name>.text:Crystalfontz128x128_SetOrientation</name>
         <load_address>0x35a0</load_address>
         <run_address>0x35a0</run_address>
         <size>0x54</size>
         <input_file_ref idref="fl-6"/>
      </object_component>
      <object_component id="oc-49b">
         <name>.text:__TI_ltoa</name>
         <load_address>0x35f4</load_address>
         <run_address>0x35f4</run_address>
         <size>0x54</size>
         <input_file_ref idref="fl-f4"/>
      </object_component>
      <object_component id="oc-253">
         <name>.text:Graphics_initContext</name>
         <load_address>0x3648</load_address>
         <run_address>0x3648</run_address>
         <size>0x52</size>
         <input_file_ref idref="fl-14"/>
      </object_component>
      <object_component id="oc-4ab">
         <name>.text:_ecpy</name>
         <load_address>0x369a</load_address>
         <run_address>0x369a</run_address>
         <size>0x52</size>
         <input_file_ref idref="fl-e3"/>
      </object_component>
      <object_component id="oc-1a7">
         <name>.text:Timer_A_initCompare</name>
         <load_address>0x36ec</load_address>
         <run_address>0x36ec</run_address>
         <size>0x4e</size>
         <input_file_ref idref="fl-25"/>
      </object_component>
      <object_component id="oc-31f">
         <name>.text:atoi</name>
         <load_address>0x373c</load_address>
         <run_address>0x373c</run_address>
         <size>0x4c</size>
         <input_file_ref idref="fl-f6"/>
      </object_component>
      <object_component id="oc-15d">
         <name>.text:FlashCtl_setWaitState</name>
         <load_address>0x3788</load_address>
         <run_address>0x3788</run_address>
         <size>0x48</size>
         <input_file_ref idref="fl-1c"/>
      </object_component>
      <object_component id="oc-d0">
         <name>.text:Graphics_drawStringCentered</name>
         <load_address>0x37d0</load_address>
         <run_address>0x37d0</run_address>
         <size>0x48</size>
         <input_file_ref idref="fl-19"/>
      </object_component>
      <object_component id="oc-43d">
         <name>.text:I2C_write16</name>
         <load_address>0x3818</load_address>
         <run_address>0x3818</run_address>
         <size>0x48</size>
         <input_file_ref idref="fl-2"/>
      </object_component>
      <object_component id="oc-496">
         <name>.text</name>
         <load_address>0x3860</load_address>
         <run_address>0x3860</run_address>
         <size>0x48</size>
         <input_file_ref idref="fl-eb"/>
      </object_component>
      <object_component id="oc-112">
         <name>.text:__TI_auto_init_nobinit_nopinit:__TI_auto_init_nobinit_nopinit</name>
         <load_address>0x38a8</load_address>
         <run_address>0x38a8</run_address>
         <size>0x44</size>
         <input_file_ref idref="fl-ef"/>
      </object_component>
      <object_component id="oc-3e2">
         <name>.text:Crystalfontz128x128_PixelDraw</name>
         <load_address>0x38ec</load_address>
         <run_address>0x38ec</run_address>
         <size>0x40</size>
         <input_file_ref idref="fl-6"/>
      </object_component>
      <object_component id="oc-1ad">
         <name>.text:GPIO_setAsOutputPin</name>
         <load_address>0x392c</load_address>
         <run_address>0x392c</run_address>
         <size>0x40</size>
         <input_file_ref idref="fl-1d"/>
      </object_component>
      <object_component id="oc-2aa">
         <name>.text:Graphics_getNumberOfLeadingZeros</name>
         <load_address>0x396c</load_address>
         <run_address>0x396c</run_address>
         <size>0x40</size>
         <input_file_ref idref="fl-19"/>
      </object_component>
      <object_component id="oc-3ab">
         <name>.text:HAL_LCD_SpiInit</name>
         <load_address>0x39ac</load_address>
         <run_address>0x39ac</run_address>
         <size>0x40</size>
         <input_file_ref idref="fl-7"/>
      </object_component>
      <object_component id="oc-312">
         <name>.text:I2C_masterReceiveMultiByteFinish</name>
         <load_address>0x39ec</load_address>
         <run_address>0x39ec</run_address>
         <size>0x40</size>
         <input_file_ref idref="fl-1e"/>
      </object_component>
      <object_component id="oc-5a5">
         <name>.text:is_A_Module</name>
         <load_address>0x3a2c</load_address>
         <run_address>0x3a2c</run_address>
         <size>0x40</size>
         <input_file_ref idref="fl-22"/>
      </object_component>
      <object_component id="oc-e8">
         <name>.text:sprintf</name>
         <load_address>0x3a6c</load_address>
         <run_address>0x3a6c</run_address>
         <size>0x40</size>
         <input_file_ref idref="fl-dd"/>
      </object_component>
      <object_component id="oc-4be">
         <name>.text:_fcpy</name>
         <load_address>0x3aac</load_address>
         <run_address>0x3aac</run_address>
         <size>0x3e</size>
         <input_file_ref idref="fl-e3"/>
      </object_component>
      <object_component id="oc-3b1">
         <name>.text:HAL_LCD_writeCommand</name>
         <load_address>0x3aec</load_address>
         <run_address>0x3aec</run_address>
         <size>0x38</size>
         <input_file_ref idref="fl-7"/>
      </object_component>
      <object_component id="oc-300">
         <name>.text:I2C_masterSendMultiByteStop</name>
         <load_address>0x3b24</load_address>
         <run_address>0x3b24</run_address>
         <size>0x38</size>
         <input_file_ref idref="fl-1e"/>
      </object_component>
      <object_component id="oc-451">
         <name>.text:Graphics_drawHorizontalLineOnDisplay</name>
         <load_address>0x3b5c</load_address>
         <run_address>0x3b5c</run_address>
         <size>0x36</size>
         <input_file_ref idref="fl-15"/>
      </object_component>
      <object_component id="oc-163">
         <name>.text:CS_setDCOCenteredFrequency</name>
         <load_address>0x3b94</load_address>
         <run_address>0x3b94</run_address>
         <size>0x34</size>
         <input_file_ref idref="fl-1b"/>
      </object_component>
      <object_component id="oc-552">
         <name>.text:I2C_masterSendMultiByteNext</name>
         <load_address>0x3bc8</load_address>
         <run_address>0x3bc8</run_address>
         <size>0x34</size>
         <input_file_ref idref="fl-1e"/>
      </object_component>
      <object_component id="oc-181">
         <name>.text:_buzzerInit</name>
         <load_address>0x3bfc</load_address>
         <run_address>0x3bfc</run_address>
         <size>0x34</size>
         <input_file_ref idref="fl-4"/>
      </object_component>
      <object_component id="oc-55">
         <name>.text:_c_int00_noargs:_c_int00_noargs</name>
         <load_address>0x3c30</load_address>
         <run_address>0x3c30</run_address>
         <size>0x34</size>
         <input_file_ref idref="fl-e2"/>
      </object_component>
      <object_component id="oc-17b">
         <name>.text:_servoInit</name>
         <load_address>0x3c64</load_address>
         <run_address>0x3c64</run_address>
         <size>0x34</size>
         <input_file_ref idref="fl-4"/>
      </object_component>
      <object_component id="oc-ee">
         <name>.text:print_lastLine</name>
         <load_address>0x3c98</load_address>
         <run_address>0x3c98</run_address>
         <size>0x34</size>
         <input_file_ref idref="fl-4"/>
      </object_component>
      <object_component id="oc-3a5">
         <name>.text:HAL_LCD_PortInit</name>
         <load_address>0x3ccc</load_address>
         <run_address>0x3ccc</run_address>
         <size>0x30</size>
         <input_file_ref idref="fl-7"/>
      </object_component>
      <object_component id="oc-4a1">
         <name>.text</name>
         <load_address>0x3cfc</load_address>
         <run_address>0x3cfc</run_address>
         <size>0x2e</size>
         <input_file_ref idref="fl-ec"/>
      </object_component>
      <object_component id="oc-40c">
         <name>.text:Crystalfontz128x128_ClearScreen</name>
         <load_address>0x3d2c</load_address>
         <run_address>0x3d2c</run_address>
         <size>0x2c</size>
         <input_file_ref idref="fl-6"/>
      </object_component>
      <object_component id="oc-2b6">
         <name>.text:Graphics_drawPixelOnDisplay</name>
         <load_address>0x3d58</load_address>
         <run_address>0x3d58</run_address>
         <size>0x2c</size>
         <input_file_ref idref="fl-15"/>
      </object_component>
      <object_component id="oc-3b7">
         <name>.text:HAL_LCD_writeData</name>
         <load_address>0x3d84</load_address>
         <run_address>0x3d84</run_address>
         <size>0x2c</size>
         <input_file_ref idref="fl-7"/>
      </object_component>
      <object_component id="oc-400">
         <name>.text:Crystalfontz128x128_ColorTranslate</name>
         <load_address>0x3db0</load_address>
         <run_address>0x3db0</run_address>
         <size>0x28</size>
         <input_file_ref idref="fl-6"/>
      </object_component>
      <object_component id="oc-1ba">
         <name>.text:GPIO_setOutputHighOnPin</name>
         <load_address>0x3dd8</load_address>
         <run_address>0x3dd8</run_address>
         <size>0x28</size>
         <input_file_ref idref="fl-1d"/>
      </object_component>
      <object_component id="oc-1c0">
         <name>.text:GPIO_setOutputLowOnPin</name>
         <load_address>0x3e00</load_address>
         <run_address>0x3e00</run_address>
         <size>0x28</size>
         <input_file_ref idref="fl-1d"/>
      </object_component>
      <object_component id="oc-14b">
         <name>.text:WDT_A_holdTimer</name>
         <load_address>0x3e28</load_address>
         <run_address>0x3e28</run_address>
         <size>0x24</size>
         <input_file_ref idref="fl-26"/>
      </object_component>
      <object_component id="oc-287">
         <name>.text:I2C_init</name>
         <load_address>0x3e4c</load_address>
         <run_address>0x3e4c</run_address>
         <size>0x20</size>
         <input_file_ref idref="fl-2"/>
      </object_component>
      <object_component id="oc-175">
         <name>.text:_lightSensorInit</name>
         <load_address>0x3e6c</load_address>
         <run_address>0x3e6c</run_address>
         <size>0x20</size>
         <input_file_ref idref="fl-4"/>
      </object_component>
      <object_component id="oc-2e8">
         <name>.text:I2C_setMode</name>
         <load_address>0x3e8c</load_address>
         <run_address>0x3e8c</run_address>
         <size>0x1c</size>
         <input_file_ref idref="fl-1e"/>
      </object_component>
      <object_component id="oc-1c7">
         <name>.text:I2C_setslave</name>
         <load_address>0x3ea8</load_address>
         <run_address>0x3ea8</run_address>
         <size>0x1c</size>
         <input_file_ref idref="fl-2"/>
      </object_component>
      <object_component id="oc-518">
         <name>.text:SPI_enableModule</name>
         <load_address>0x3ec4</load_address>
         <run_address>0x3ec4</run_address>
         <size>0x1c</size>
         <input_file_ref idref="fl-22"/>
      </object_component>
      <object_component id="oc-187">
         <name>.text:_ledInit</name>
         <load_address>0x3ee0</load_address>
         <run_address>0x3ee0</run_address>
         <size>0x1c</size>
         <input_file_ref idref="fl-4"/>
      </object_component>
      <object_component id="oc-43">
         <name>.text:decompress:ZI:__TI_zero_init_nomemset:__TI_zero_init_nomemset</name>
         <load_address>0x3efc</load_address>
         <run_address>0x3efc</run_address>
         <size>0x1c</size>
         <input_file_ref idref="fl-df"/>
      </object_component>
      <object_component id="oc-348">
         <name>.text:memccpy</name>
         <load_address>0x3f18</load_address>
         <run_address>0x3f18</run_address>
         <size>0x1c</size>
         <input_file_ref idref="fl-f8"/>
      </object_component>
      <object_component id="oc-3d9">
         <name>.text:Graphics_clearDisplayOnDisplay</name>
         <load_address>0x3f34</load_address>
         <run_address>0x3f34</run_address>
         <size>0x1a</size>
         <input_file_ref idref="fl-15"/>
      </object_component>
      <object_component id="oc-25f">
         <name>.text:Graphics_setBackgroundColor</name>
         <load_address>0x3f4e</load_address>
         <run_address>0x3f4e</run_address>
         <size>0x1a</size>
         <input_file_ref idref="fl-14"/>
      </object_component>
      <object_component id="oc-265">
         <name>.text:Graphics_setFont</name>
         <load_address>0x3f68</load_address>
         <run_address>0x3f68</run_address>
         <size>0x1a</size>
         <input_file_ref idref="fl-14"/>
      </object_component>
      <object_component id="oc-306">
         <name>.text:I2C_masterReceiveStart</name>
         <load_address>0x3f82</load_address>
         <run_address>0x3f82</run_address>
         <size>0x1a</size>
         <input_file_ref idref="fl-1e"/>
      </object_component>
      <object_component id="oc-588">
         <name>.text:copysign</name>
         <load_address>0x3f9c</load_address>
         <run_address>0x3f9c</run_address>
         <size>0x1a</size>
         <input_file_ref idref="fl-fc"/>
      </object_component>
      <object_component id="oc-2fa">
         <name>.text:I2C_getInterruptStatus</name>
         <load_address>0x3fb6</load_address>
         <run_address>0x3fb6</run_address>
         <size>0x18</size>
         <input_file_ref idref="fl-1e"/>
      </object_component>
      <object_component id="oc-2ee">
         <name>.text:I2C_isBusBusy</name>
         <load_address>0x3fd0</load_address>
         <run_address>0x3fd0</run_address>
         <size>0x18</size>
         <input_file_ref idref="fl-1e"/>
      </object_component>
      <object_component id="oc-281">
         <name>.text:Init_I2C_GPIO</name>
         <load_address>0x3fe8</load_address>
         <run_address>0x3fe8</run_address>
         <size>0x18</size>
         <input_file_ref idref="fl-2"/>
      </object_component>
      <object_component id="oc-1da">
         <name>.text:_outs</name>
         <load_address>0x4000</load_address>
         <run_address>0x4000</run_address>
         <size>0x18</size>
         <input_file_ref idref="fl-dd"/>
      </object_component>
      <object_component id="oc-5ad">
         <name>.text:EUSCI_A_SPI_enable</name>
         <load_address>0x4018</load_address>
         <run_address>0x4018</run_address>
         <size>0x16</size>
         <input_file_ref idref="fl-22"/>
      </object_component>
      <object_component id="oc-5b3">
         <name>.text:EUSCI_B_SPI_enable</name>
         <load_address>0x402e</load_address>
         <run_address>0x402e</run_address>
         <size>0x16</size>
         <input_file_ref idref="fl-22"/>
      </object_component>
      <object_component id="oc-259">
         <name>.text:Graphics_setForegroundColor</name>
         <load_address>0x4044</load_address>
         <run_address>0x4044</run_address>
         <size>0x16</size>
         <input_file_ref idref="fl-14"/>
      </object_component>
      <object_component id="oc-3d0">
         <name>.text:Graphics_translateColorOnDisplay</name>
         <load_address>0x405a</load_address>
         <run_address>0x405a</run_address>
         <size>0x16</size>
         <input_file_ref idref="fl-15"/>
      </object_component>
      <object_component id="oc-2e1">
         <name>.text:I2C_clearInterruptFlag</name>
         <load_address>0x4070</load_address>
         <run_address>0x4070</run_address>
         <size>0x16</size>
         <input_file_ref idref="fl-1e"/>
      </object_component>
      <object_component id="oc-42d">
         <name>.text:I2C_disableModule</name>
         <load_address>0x4086</load_address>
         <run_address>0x4086</run_address>
         <size>0x16</size>
         <input_file_ref idref="fl-1e"/>
      </object_component>
      <object_component id="oc-433">
         <name>.text:I2C_enableModule</name>
         <load_address>0x409c</load_address>
         <run_address>0x409c</run_address>
         <size>0x16</size>
         <input_file_ref idref="fl-1e"/>
      </object_component>
      <object_component id="oc-29a">
         <name>.text:Timer_A_startCounter</name>
         <load_address>0x40b2</load_address>
         <run_address>0x40b2</run_address>
         <size>0x16</size>
         <input_file_ref idref="fl-25"/>
      </object_component>
      <object_component id="oc-4d2">
         <name>.text:strchr</name>
         <load_address>0x40c8</load_address>
         <run_address>0x40c8</run_address>
         <size>0x16</size>
         <input_file_ref idref="fl-f9"/>
      </object_component>
      <object_component id="oc-30c">
         <name>.text:I2C_masterReceiveMultiByteNext</name>
         <load_address>0x40de</load_address>
         <run_address>0x40de</run_address>
         <size>0x14</size>
         <input_file_ref idref="fl-1e"/>
      </object_component>
      <object_component id="oc-2db">
         <name>.text:I2C_setSlaveAddress</name>
         <load_address>0x40f2</load_address>
         <run_address>0x40f2</run_address>
         <size>0x14</size>
         <input_file_ref idref="fl-1e"/>
      </object_component>
      <object_component id="oc-28d">
         <name>.text:OPT3001_init</name>
         <load_address>0x4106</load_address>
         <run_address>0x4106</run_address>
         <size>0x14</size>
         <input_file_ref idref="fl-3"/>
      </object_component>
      <object_component id="oc-398">
         <name>.text:PCM_getPowerState</name>
         <load_address>0x411c</load_address>
         <run_address>0x411c</run_address>
         <size>0x14</size>
         <input_file_ref idref="fl-20"/>
      </object_component>
      <object_component id="oc-319">
         <name>.text:strlen</name>
         <load_address>0x4130</load_address>
         <run_address>0x4130</run_address>
         <size>0x14</size>
         <input_file_ref idref="fl-fa"/>
      </object_component>
      <object_component id="oc-26b">
         <name>.text:Graphics_clearDisplay</name>
         <load_address>0x4144</load_address>
         <run_address>0x4144</run_address>
         <size>0x12</size>
         <input_file_ref idref="fl-14"/>
      </object_component>
      <object_component id="oc-34e">
         <name>.text:wcslen</name>
         <load_address>0x4156</load_address>
         <run_address>0x4156</run_address>
         <size>0x12</size>
         <input_file_ref idref="fl-e6"/>
      </object_component>
      <object_component id="oc-151">
         <name>.text:Interrupt_disableMaster</name>
         <load_address>0x4168</load_address>
         <run_address>0x4168</run_address>
         <size>0x10</size>
         <input_file_ref idref="fl-1f"/>
      </object_component>
      <object_component id="oc-157">
         <name>.text:PCM_setCoreVoltageLevel</name>
         <load_address>0x4178</load_address>
         <run_address>0x4178</run_address>
         <size>0x10</size>
         <input_file_ref idref="fl-20"/>
      </object_component>
      <object_component id="oc-39e">
         <name>.text:PCM_setPowerMode</name>
         <load_address>0x4188</load_address>
         <run_address>0x4188</run_address>
         <size>0x10</size>
         <input_file_ref idref="fl-20"/>
      </object_component>
      <object_component id="oc-1d">
         <name>.text:decompress:none:__TI_decompress_none</name>
         <load_address>0x4198</load_address>
         <run_address>0x4198</run_address>
         <size>0xe</size>
         <input_file_ref idref="fl-e0"/>
      </object_component>
      <object_component id="oc-231">
         <name>.text:CPU_cpsid</name>
         <load_address>0x41a6</load_address>
         <run_address>0x41a6</run_address>
         <size>0xc</size>
         <input_file_ref idref="fl-27"/>
      </object_component>
      <object_component id="oc-67">
         <name>.text:Reset_Handler</name>
         <load_address>0x41b2</load_address>
         <run_address>0x41b2</run_address>
         <size>0xc</size>
         <input_file_ref idref="fl-8"/>
      </object_component>
      <object_component id="oc-406">
         <name>.text:Crystalfontz128x128_Flush</name>
         <load_address>0x41be</load_address>
         <run_address>0x41be</run_address>
         <size>0xa</size>
         <input_file_ref idref="fl-6"/>
      </object_component>
      <object_component id="oc-1e0">
         <name>.text:_outc</name>
         <load_address>0x41c8</load_address>
         <run_address>0x41c8</run_address>
         <size>0xa</size>
         <input_file_ref idref="fl-dd"/>
      </object_component>
      <object_component id="oc-354">
         <name>.text:__aeabi_errno_addr</name>
         <load_address>0x41d4</load_address>
         <run_address>0x41d4</run_address>
         <size>0x8</size>
         <input_file_ref idref="fl-fb"/>
      </object_component>
      <object_component id="oc-93">
         <name>.text:_system_pre_init</name>
         <load_address>0x41dc</load_address>
         <run_address>0x41dc</run_address>
         <size>0x4</size>
         <input_file_ref idref="fl-f0"/>
      </object_component>
      <object_component id="oc-106">
         <name>.text:abort:abort</name>
         <load_address>0x41e0</load_address>
         <run_address>0x41e0</run_address>
         <size>0x4</size>
         <input_file_ref idref="fl-f2"/>
      </object_component>
      <object_component id="oc-41a">
         <name>.const:.string:g_pucCmtt26Data</name>
         <load_address>0x41e4</load_address>
         <run_address>0x41e4</run_address>
         <size>0xa0e</size>
         <input_file_ref idref="fl-17"/>
      </object_component>
      <object_component id="oc-420">
         <name>.const:.string:g_pucCmtt22Data</name>
         <load_address>0x4bf2</load_address>
         <run_address>0x4bf2</run_address>
         <size>0x8a5</size>
         <input_file_ref idref="fl-16"/>
      </object_component>
      <object_component id="oc-414">
         <name>.const:.string:g_pucFontFixed6x8Data</name>
         <load_address>0x5497</load_address>
         <run_address>0x5497</run_address>
         <size>0x2f8</size>
         <input_file_ref idref="fl-18"/>
      </object_component>
      <object_component id="oc-47b">
         <name>.const:.string:_ctypes_</name>
         <load_address>0x578f</load_address>
         <run_address>0x578f</run_address>
         <size>0x101</size>
         <input_file_ref idref="fl-f7"/>
      </object_component>
      <object_component id="oc-27d">
         <name>.const:g_sFontCmtt22</name>
         <load_address>0x5890</load_address>
         <run_address>0x5890</run_address>
         <size>0xc8</size>
         <input_file_ref idref="fl-16"/>
      </object_component>
      <object_component id="oc-27a">
         <name>.const:g_sFontCmtt26</name>
         <load_address>0x5958</load_address>
         <run_address>0x5958</run_address>
         <size>0xc8</size>
         <input_file_ref idref="fl-17"/>
      </object_component>
      <object_component id="oc-277">
         <name>.const:g_sFontFixed6x8</name>
         <load_address>0x5a20</load_address>
         <run_address>0x5a20</run_address>
         <size>0xc8</size>
         <input_file_ref idref="fl-18"/>
      </object_component>
      <object_component id="oc-2ce">
         <name>.const:GPIO_PORT_TO_BASE</name>
         <load_address>0x5ae8</load_address>
         <run_address>0x5ae8</run_address>
         <size>0x30</size>
         <input_file_ref idref="fl-1d"/>
      </object_component>
      <object_component id="oc-274">
         <name>.const:g_sCrystalfontz128x128_funcs</name>
         <load_address>0x5b18</load_address>
         <run_address>0x5b18</run_address>
         <size>0x20</size>
         <input_file_ref idref="fl-6"/>
      </object_component>
      <object_component id="oc-51e">
         <name>.const:$P$T0$1</name>
         <load_address>0x5b38</load_address>
         <run_address>0x5b38</run_address>
         <size>0x1c</size>
         <input_file_ref idref="fl-7"/>
      </object_component>
      <object_component id="oc-2a4">
         <name>.const:upConfigBuzzer</name>
         <load_address>0x5b54</load_address>
         <run_address>0x5b54</run_address>
         <size>0x18</size>
         <input_file_ref idref="fl-4"/>
      </object_component>
      <object_component id="oc-2a0">
         <name>.const:upConfigServo</name>
         <load_address>0x5b6c</load_address>
         <run_address>0x5b6c</run_address>
         <size>0x18</size>
         <input_file_ref idref="fl-4"/>
      </object_component>
      <object_component id="oc-439">
         <name>.const:i2cConfig</name>
         <load_address>0x5b84</load_address>
         <run_address>0x5b84</run_address>
         <size>0x14</size>
         <input_file_ref idref="fl-2"/>
      </object_component>
      <object_component id="oc-53c">
         <name>.const:$P$T0$1</name>
         <load_address>0x5b98</load_address>
         <run_address>0x5b98</run_address>
         <size>0x8</size>
         <input_file_ref idref="fl-6"/>
      </object_component>
      <object_component id="oc-61d">
         <name>.cinit..data.load</name>
         <load_address>0x5ba0</load_address>
         <run_address>0x5ba0</run_address>
         <size>0x17</size>
      </object_component>
      <object_component id="oc-61b">
         <name>__TI_handler_table</name>
         <load_address>0x5bb8</load_address>
         <run_address>0x5bb8</run_address>
         <size>0xc</size>
      </object_component>
      <object_component id="oc-61e">
         <name>.cinit..bss.load</name>
         <load_address>0x5bc8</load_address>
         <run_address>0x5bc8</run_address>
         <size>0x8</size>
      </object_component>
      <object_component id="oc-61c">
         <name>__TI_cinit_table</name>
         <load_address>0x5bd0</load_address>
         <run_address>0x5bd0</run_address>
         <size>0x10</size>
      </object_component>
      <object_component id="oc-5ef">
         <name>.binit</name>
         <load_address>0x0</load_address>
         <run_address>0x0</run_address>
         <size>0x0</size>
      </object_component>
      <object_component id="oc-1b3">
         <name>.data:compareConfig_PWMBuzzer</name>
         <load_address>0x20000068</load_address>
         <run_address>0x20000068</run_address>
         <size>0x10</size>
         <input_file_ref idref="fl-4"/>
      </object_component>
      <object_component id="oc-1b6">
         <name>.data:compareConfig_PWMServo</name>
         <load_address>0x20000078</load_address>
         <run_address>0x20000078</run_address>
         <size>0x10</size>
         <input_file_ref idref="fl-4"/>
      </object_component>
      <object_component id="oc-271">
         <name>.data:g_sCrystalfontz128x128</name>
         <load_address>0x20000088</load_address>
         <run_address>0x20000088</run_address>
         <size>0x10</size>
         <input_file_ref idref="fl-6"/>
      </object_component>
      <object_component id="oc-4e2">
         <name>.data</name>
         <load_address>0x20000098</load_address>
         <run_address>0x20000098</run_address>
         <size>0x4</size>
         <input_file_ref idref="fl-fb"/>
      </object_component>
      <object_component id="oc-f7">
         <name>.common:g_sContext_msg</name>
         <uninitialized>true</uninitialized>
         <run_address>0x20000000</run_address>
         <size>0x1c</size>
      </object_component>
      <object_component id="oc-f4">
         <name>.common:g_sContext_title</name>
         <uninitialized>true</uninitialized>
         <run_address>0x20000038</run_address>
         <size>0x1c</size>
      </object_component>
      <object_component id="oc-f9">
         <name>.common:g_sContext_n</name>
         <uninitialized>true</uninitialized>
         <run_address>0x2000001c</run_address>
         <size>0x1c</size>
      </object_component>
      <object_component id="oc-f8">
         <name>.common:lux</name>
         <uninitialized>true</uninitialized>
         <run_address>0x20000054</run_address>
         <size>0x4</size>
      </object_component>
      <object_component id="oc-fa">
         <name>.common:lux2</name>
         <uninitialized>true</uninitialized>
         <run_address>0x20000058</run_address>
         <size>0x4</size>
      </object_component>
      <object_component id="oc-3cc">
         <name>.common:Lcd_Orientation</name>
         <uninitialized>true</uninitialized>
         <run_address>0x20000064</run_address>
         <size>0x1</size>
      </object_component>
      <object_component id="oc-3c3">
         <name>.common:Lcd_ScreenWidth</name>
         <uninitialized>true</uninitialized>
         <run_address>0x2000005e</run_address>
         <size>0x2</size>
      </object_component>
      <object_component id="oc-3c6">
         <name>.common:Lcd_ScreenHeigth</name>
         <uninitialized>true</uninitialized>
         <run_address>0x2000005c</run_address>
         <size>0x2</size>
      </object_component>
      <object_component id="oc-3c7">
         <name>.common:Lcd_PenSolid</name>
         <uninitialized>true</uninitialized>
         <run_address>0x20000065</run_address>
         <size>0x1</size>
      </object_component>
      <object_component id="oc-3c8">
         <name>.common:Lcd_FontSolid</name>
         <uninitialized>true</uninitialized>
         <run_address>0x20000063</run_address>
         <size>0x1</size>
      </object_component>
      <object_component id="oc-3c9">
         <name>.common:Lcd_FlagRead</name>
         <uninitialized>true</uninitialized>
         <run_address>0x20000062</run_address>
         <size>0x1</size>
      </object_component>
      <object_component id="oc-3ca">
         <name>.common:Lcd_TouchTrim</name>
         <uninitialized>true</uninitialized>
         <run_address>0x20000060</run_address>
         <size>0x2</size>
      </object_component>
      <object_component id="oc-29">
         <name>.stack</name>
         <uninitialized>true</uninitialized>
         <run_address>0x2000fe00</run_address>
         <size>0x4</size>
         <input_file_ref idref="fl-e2"/>
      </object_component>
      <object_component id="oc-620">
         <name>.stack</name>
         <uninitialized>true</uninitialized>
         <run_address>0x2000fe00</run_address>
         <size>0x0</size>
      </object_component>
      <object_component id="oc-14a">
         <name>.debug_info</name>
         <load_address>0x0</load_address>
         <run_address>0x0</run_address>
         <size>0x99a</size>
         <input_file_ref idref="fl-2"/>
      </object_component>
      <object_component id="oc-43a">
         <name>.debug_info</name>
         <load_address>0x99a</load_address>
         <run_address>0x99a</run_address>
         <size>0xd3</size>
         <input_file_ref idref="fl-2"/>
      </object_component>
      <object_component id="oc-284">
         <name>.debug_info</name>
         <load_address>0xa6d</load_address>
         <run_address>0xa6d</run_address>
         <size>0x16f</size>
         <input_file_ref idref="fl-2"/>
      </object_component>
      <object_component id="oc-28a">
         <name>.debug_info</name>
         <load_address>0xbdc</load_address>
         <run_address>0xbdc</run_address>
         <size>0x145</size>
         <input_file_ref idref="fl-2"/>
      </object_component>
      <object_component id="oc-1d0">
         <name>.debug_info</name>
         <load_address>0xd21</load_address>
         <run_address>0xd21</run_address>
         <size>0x2b6</size>
         <input_file_ref idref="fl-2"/>
      </object_component>
      <object_component id="oc-440">
         <name>.debug_info</name>
         <load_address>0xfd7</load_address>
         <run_address>0xfd7</run_address>
         <size>0x219</size>
         <input_file_ref idref="fl-2"/>
      </object_component>
      <object_component id="oc-1ca">
         <name>.debug_info</name>
         <load_address>0x11f0</load_address>
         <run_address>0x11f0</run_address>
         <size>0x173</size>
         <input_file_ref idref="fl-2"/>
      </object_component>
      <object_component id="oc-22b">
         <name>.debug_info</name>
         <load_address>0x1363</load_address>
         <run_address>0x1363</run_address>
         <size>0x9a</size>
         <input_file_ref idref="fl-2"/>
      </object_component>
      <object_component id="oc-b5">
         <name>.debug_info</name>
         <load_address>0x13fd</load_address>
         <run_address>0x13fd</run_address>
         <size>0x26b</size>
         <input_file_ref idref="fl-2"/>
      </object_component>
      <object_component id="oc-1f5">
         <name>.debug_info</name>
         <load_address>0x1668</load_address>
         <run_address>0x1668</run_address>
         <size>0x1028</size>
         <input_file_ref idref="fl-2"/>
      </object_component>
      <object_component id="oc-1f0">
         <name>.debug_info</name>
         <load_address>0x2690</load_address>
         <run_address>0x2690</run_address>
         <size>0x37e2</size>
         <input_file_ref idref="fl-2"/>
      </object_component>
      <object_component id="oc-1ff">
         <name>.debug_info</name>
         <load_address>0x5e72</load_address>
         <run_address>0x5e72</run_address>
         <size>0x341</size>
         <input_file_ref idref="fl-2"/>
      </object_component>
      <object_component id="oc-fc">
         <name>.debug_info</name>
         <load_address>0x61b3</load_address>
         <run_address>0x61b3</run_address>
         <size>0x8b</size>
         <input_file_ref idref="fl-2"/>
      </object_component>
      <object_component id="oc-145">
         <name>.debug_info</name>
         <load_address>0x623e</load_address>
         <run_address>0x623e</run_address>
         <size>0x2a4</size>
         <input_file_ref idref="fl-2"/>
      </object_component>
      <object_component id="oc-204">
         <name>.debug_info</name>
         <load_address>0x64e2</load_address>
         <run_address>0x64e2</run_address>
         <size>0xef</size>
         <input_file_ref idref="fl-2"/>
      </object_component>
      <object_component id="oc-101">
         <name>.debug_info</name>
         <load_address>0x65d1</load_address>
         <run_address>0x65d1</run_address>
         <size>0xbb</size>
         <input_file_ref idref="fl-2"/>
      </object_component>
      <object_component id="oc-522">
         <name>.debug_info</name>
         <load_address>0x668c</load_address>
         <run_address>0x668c</run_address>
         <size>0x131</size>
         <input_file_ref idref="fl-2"/>
      </object_component>
      <object_component id="oc-28e">
         <name>.debug_info</name>
         <load_address>0x67bd</load_address>
         <run_address>0x67bd</run_address>
         <size>0x13a</size>
         <input_file_ref idref="fl-3"/>
      </object_component>
      <object_component id="oc-e3">
         <name>.debug_info</name>
         <load_address>0x68f7</load_address>
         <run_address>0x68f7</run_address>
         <size>0x181</size>
         <input_file_ref idref="fl-3"/>
      </object_component>
      <object_component id="oc-32">
         <name>.debug_info</name>
         <load_address>0x6a78</load_address>
         <run_address>0x6a78</run_address>
         <size>0x84</size>
         <input_file_ref idref="fl-3"/>
      </object_component>
      <object_component id="oc-f5">
         <name>.debug_info</name>
         <load_address>0x6afc</load_address>
         <run_address>0x6afc</run_address>
         <size>0xef5</size>
         <input_file_ref idref="fl-4"/>
      </object_component>
      <object_component id="oc-2a5">
         <name>.debug_info</name>
         <load_address>0x79f1</load_address>
         <run_address>0x79f1</run_address>
         <size>0xda</size>
         <input_file_ref idref="fl-4"/>
      </object_component>
      <object_component id="oc-1b4">
         <name>.debug_info</name>
         <load_address>0x7acb</load_address>
         <run_address>0x7acb</run_address>
         <size>0xec</size>
         <input_file_ref idref="fl-4"/>
      </object_component>
      <object_component id="oc-2a1">
         <name>.debug_info</name>
         <load_address>0x7bb7</load_address>
         <run_address>0x7bb7</run_address>
         <size>0xd8</size>
         <input_file_ref idref="fl-4"/>
      </object_component>
      <object_component id="oc-1b7">
         <name>.debug_info</name>
         <load_address>0x7c8f</load_address>
         <run_address>0x7c8f</run_address>
         <size>0xea</size>
         <input_file_ref idref="fl-4"/>
      </object_component>
      <object_component id="oc-170">
         <name>.debug_info</name>
         <load_address>0x7d79</load_address>
         <run_address>0x7d79</run_address>
         <size>0x2bc</size>
         <input_file_ref idref="fl-4"/>
      </object_component>
      <object_component id="oc-188">
         <name>.debug_info</name>
         <load_address>0x8035</load_address>
         <run_address>0x8035</run_address>
         <size>0x146</size>
         <input_file_ref idref="fl-4"/>
      </object_component>
      <object_component id="oc-183">
         <name>.debug_info</name>
         <load_address>0x817b</load_address>
         <run_address>0x817b</run_address>
         <size>0x183</size>
         <input_file_ref idref="fl-4"/>
      </object_component>
      <object_component id="oc-17d">
         <name>.debug_info</name>
         <load_address>0x82fe</load_address>
         <run_address>0x82fe</run_address>
         <size>0x181</size>
         <input_file_ref idref="fl-4"/>
      </object_component>
      <object_component id="oc-176">
         <name>.debug_info</name>
         <load_address>0x847f</load_address>
         <run_address>0x847f</run_address>
         <size>0x13e</size>
         <input_file_ref idref="fl-4"/>
      </object_component>
      <object_component id="oc-cc">
         <name>.debug_info</name>
         <load_address>0x85bd</load_address>
         <run_address>0x85bd</run_address>
         <size>0x262</size>
         <input_file_ref idref="fl-4"/>
      </object_component>
      <object_component id="oc-d8">
         <name>.debug_info</name>
         <load_address>0x881f</load_address>
         <run_address>0x881f</run_address>
         <size>0x1bb</size>
         <input_file_ref idref="fl-4"/>
      </object_component>
      <object_component id="oc-de">
         <name>.debug_info</name>
         <load_address>0x89da</load_address>
         <run_address>0x89da</run_address>
         <size>0x227</size>
         <input_file_ref idref="fl-4"/>
      </object_component>
      <object_component id="oc-f0">
         <name>.debug_info</name>
         <load_address>0x8c01</load_address>
         <run_address>0x8c01</run_address>
         <size>0x185</size>
         <input_file_ref idref="fl-4"/>
      </object_component>
      <object_component id="oc-9b">
         <name>.debug_info</name>
         <load_address>0x8d86</load_address>
         <run_address>0x8d86</run_address>
         <size>0x367</size>
         <input_file_ref idref="fl-4"/>
      </object_component>
      <object_component id="oc-1fa">
         <name>.debug_info</name>
         <load_address>0x90ed</load_address>
         <run_address>0x90ed</run_address>
         <size>0x439</size>
         <input_file_ref idref="fl-4"/>
      </object_component>
      <object_component id="oc-1e8">
         <name>.debug_info</name>
         <load_address>0x9526</load_address>
         <run_address>0x9526</run_address>
         <size>0x2c</size>
         <input_file_ref idref="fl-4"/>
      </object_component>
      <object_component id="oc-ae">
         <name>.debug_info</name>
         <load_address>0x9552</load_address>
         <run_address>0x9552</run_address>
         <size>0x129</size>
         <input_file_ref idref="fl-5"/>
      </object_component>
      <object_component id="oc-3c4">
         <name>.debug_info</name>
         <load_address>0x967b</load_address>
         <run_address>0x967b</run_address>
         <size>0x927</size>
         <input_file_ref idref="fl-6"/>
      </object_component>
      <object_component id="oc-272">
         <name>.debug_info</name>
         <load_address>0x9fa2</load_address>
         <run_address>0x9fa2</run_address>
         <size>0x10b</size>
         <input_file_ref idref="fl-6"/>
      </object_component>
      <object_component id="oc-275">
         <name>.debug_info</name>
         <load_address>0xa0ad</load_address>
         <run_address>0xa0ad</run_address>
         <size>0x117</size>
         <input_file_ref idref="fl-6"/>
      </object_component>
      <object_component id="oc-53d">
         <name>.debug_info</name>
         <load_address>0xa1c4</load_address>
         <run_address>0xa1c4</run_address>
         <size>0xec</size>
         <input_file_ref idref="fl-6"/>
      </object_component>
      <object_component id="oc-24a">
         <name>.debug_info</name>
         <load_address>0xa2b0</load_address>
         <run_address>0xa2b0</run_address>
         <size>0x3de</size>
         <input_file_ref idref="fl-6"/>
      </object_component>
      <object_component id="oc-3bf">
         <name>.debug_info</name>
         <load_address>0xa68e</load_address>
         <run_address>0xa68e</run_address>
         <size>0x2ea</size>
         <input_file_ref idref="fl-6"/>
      </object_component>
      <object_component id="oc-24f">
         <name>.debug_info</name>
         <load_address>0xa978</load_address>
         <run_address>0xa978</run_address>
         <size>0x246</size>
         <input_file_ref idref="fl-6"/>
      </object_component>
      <object_component id="oc-3e4">
         <name>.debug_info</name>
         <load_address>0xabbe</load_address>
         <run_address>0xabbe</run_address>
         <size>0x28b</size>
         <input_file_ref idref="fl-6"/>
      </object_component>
      <object_component id="oc-3eb">
         <name>.debug_info</name>
         <load_address>0xae49</load_address>
         <run_address>0xae49</run_address>
         <size>0x3ee</size>
         <input_file_ref idref="fl-6"/>
      </object_component>
      <object_component id="oc-3f1">
         <name>.debug_info</name>
         <load_address>0xb237</load_address>
         <run_address>0xb237</run_address>
         <size>0x2a6</size>
         <input_file_ref idref="fl-6"/>
      </object_component>
      <object_component id="oc-3f7">
         <name>.debug_info</name>
         <load_address>0xb4dd</load_address>
         <run_address>0xb4dd</run_address>
         <size>0x2a6</size>
         <input_file_ref idref="fl-6"/>
      </object_component>
      <object_component id="oc-3fd">
         <name>.debug_info</name>
         <load_address>0xb783</load_address>
         <run_address>0xb783</run_address>
         <size>0x2d7</size>
         <input_file_ref idref="fl-6"/>
      </object_component>
      <object_component id="oc-402">
         <name>.debug_info</name>
         <load_address>0xba5a</load_address>
         <run_address>0xba5a</run_address>
         <size>0x1f4</size>
         <input_file_ref idref="fl-6"/>
      </object_component>
      <object_component id="oc-409">
         <name>.debug_info</name>
         <load_address>0xbc4e</load_address>
         <run_address>0xbc4e</run_address>
         <size>0x1af</size>
         <input_file_ref idref="fl-6"/>
      </object_component>
      <object_component id="oc-40f">
         <name>.debug_info</name>
         <load_address>0xbdfd</load_address>
         <run_address>0xbdfd</run_address>
         <size>0x21f</size>
         <input_file_ref idref="fl-6"/>
      </object_component>
      <object_component id="oc-52c">
         <name>.debug_info</name>
         <load_address>0xc01c</load_address>
         <run_address>0xc01c</run_address>
         <size>0x37e2</size>
         <input_file_ref idref="fl-6"/>
      </object_component>
      <object_component id="oc-5bc">
         <name>.debug_info</name>
         <load_address>0xf7fe</load_address>
         <run_address>0xf7fe</run_address>
         <size>0x86d</size>
         <input_file_ref idref="fl-7"/>
      </object_component>
      <object_component id="oc-51f">
         <name>.debug_info</name>
         <load_address>0x1006b</load_address>
         <run_address>0x1006b</run_address>
         <size>0xff</size>
         <input_file_ref idref="fl-7"/>
      </object_component>
      <object_component id="oc-3a6">
         <name>.debug_info</name>
         <load_address>0x1016a</load_address>
         <run_address>0x1016a</run_address>
         <size>0x256</size>
         <input_file_ref idref="fl-7"/>
      </object_component>
      <object_component id="oc-3ac">
         <name>.debug_info</name>
         <load_address>0x103c0</load_address>
         <run_address>0x103c0</run_address>
         <size>0x21f</size>
         <input_file_ref idref="fl-7"/>
      </object_component>
      <object_component id="oc-3b3">
         <name>.debug_info</name>
         <load_address>0x105df</load_address>
         <run_address>0x105df</run_address>
         <size>0x216</size>
         <input_file_ref idref="fl-7"/>
      </object_component>
      <object_component id="oc-3b8">
         <name>.debug_info</name>
         <load_address>0x107f5</load_address>
         <run_address>0x107f5</run_address>
         <size>0x1c9</size>
         <input_file_ref idref="fl-7"/>
      </object_component>
      <object_component id="oc-75">
         <name>.debug_info</name>
         <load_address>0x109be</load_address>
         <run_address>0x109be</run_address>
         <size>0x2c9</size>
         <input_file_ref idref="fl-8"/>
      </object_component>
      <object_component id="oc-27">
         <name>.debug_info</name>
         <load_address>0x10c87</load_address>
         <run_address>0x10c87</run_address>
         <size>0xf5</size>
         <input_file_ref idref="fl-8"/>
      </object_component>
      <object_component id="oc-6a">
         <name>.debug_info</name>
         <load_address>0x10d7c</load_address>
         <run_address>0x10d7c</run_address>
         <size>0x158</size>
         <input_file_ref idref="fl-8"/>
      </object_component>
      <object_component id="oc-70">
         <name>.debug_info</name>
         <load_address>0x10ed4</load_address>
         <run_address>0x10ed4</run_address>
         <size>0x140</size>
         <input_file_ref idref="fl-8"/>
      </object_component>
      <object_component id="oc-3cf">
         <name>.debug_info</name>
         <load_address>0x11014</load_address>
         <run_address>0x11014</run_address>
         <size>0x561</size>
         <input_file_ref idref="fl-14"/>
      </object_component>
      <object_component id="oc-257">
         <name>.debug_info</name>
         <load_address>0x11575</load_address>
         <run_address>0x11575</run_address>
         <size>0x1ef</size>
         <input_file_ref idref="fl-14"/>
      </object_component>
      <object_component id="oc-260">
         <name>.debug_info</name>
         <load_address>0x11764</load_address>
         <run_address>0x11764</run_address>
         <size>0x203</size>
         <input_file_ref idref="fl-14"/>
      </object_component>
      <object_component id="oc-267">
         <name>.debug_info</name>
         <load_address>0x11967</load_address>
         <run_address>0x11967</run_address>
         <size>0x1d0</size>
         <input_file_ref idref="fl-14"/>
      </object_component>
      <object_component id="oc-25b">
         <name>.debug_info</name>
         <load_address>0x11b37</load_address>
         <run_address>0x11b37</run_address>
         <size>0x1f6</size>
         <input_file_ref idref="fl-14"/>
      </object_component>
      <object_component id="oc-26d">
         <name>.debug_info</name>
         <load_address>0x11d2d</load_address>
         <run_address>0x11d2d</run_address>
         <size>0x1c3</size>
         <input_file_ref idref="fl-14"/>
      </object_component>
      <object_component id="oc-2c4">
         <name>.debug_info</name>
         <load_address>0x11ef0</load_address>
         <run_address>0x11ef0</run_address>
         <size>0x26b</size>
         <input_file_ref idref="fl-14"/>
      </object_component>
      <object_component id="oc-2bd">
         <name>.debug_info</name>
         <load_address>0x1215b</load_address>
         <run_address>0x1215b</run_address>
[...]
      </symbol>
      <symbol id="sm-45b">
         <name>GPIO_setOutputLowOnPin</name>
         <value>0x3e01</value>
         <object_component_ref idref="oc-1c0"/>
      </symbol>
      <symbol id="sm-45c">
         <name>GPIO_setAsPeripheralModuleFunctionOutputPin</name>
         <value>0x2da5</value>
         <object_component_ref idref="oc-1a1"/>
      </symbol>
      <symbol id="sm-500">
         <name>I2C_masterSendMultiByteStop</name>
         <value>0x3b25</value>
         <object_component_ref idref="oc-300"/>
      </symbol>
      <symbol id="sm-501">
         <name>I2C_masterSendMultiByteFinish</name>
         <value>0x309d</value>
         <object_component_ref idref="oc-558"/>
      </symbol>
      <symbol id="sm-502">
         <name>I2C_masterSendMultiByteNext</name>
         <value>0x3bc9</value>
         <object_component_ref idref="oc-552"/>
      </symbol>
      <symbol id="sm-503">
         <name>I2C_masterSendMultiByteStart</name>
         <value>0x3109</value>
         <object_component_ref idref="oc-2f4"/>
      </symbol>
      <symbol id="sm-504">
         <name>I2C_masterReceiveMultiByteNext</name>
         <value>0x40df</value>
         <object_component_ref idref="oc-30c"/>
      </symbol>
      <symbol id="sm-505">
         <name>I2C_getInterruptStatus</name>
         <value>0x3fb7</value>
         <object_component_ref idref="oc-2fa"/>
      </symbol>
      <symbol id="sm-506">
         <name>I2C_setMode</name>
         <value>0x3e8d</value>
         <object_component_ref idref="oc-2e8"/>
      </symbol>
      <symbol id="sm-507">
         <name>I2C_isBusBusy</name>
         <value>0x3fd1</value>
         <object_component_ref idref="oc-2ee"/>
      </symbol>
      <symbol id="sm-508">
         <name>I2C_masterReceiveMultiByteFinish</name>
         <value>0x39ed</value>
         <object_component_ref idref="oc-312"/>
      </symbol>
      <symbol id="sm-509">
         <name>I2C_enableModule</name>
         <value>0x409d</value>
         <object_component_ref idref="oc-433"/>
      </symbol>
      <symbol id="sm-50a">
         <name>I2C_masterReceiveStart</name>
         <value>0x3f83</value>
         <object_component_ref idref="oc-306"/>
      </symbol>
      <symbol id="sm-50b">
         <name>I2C_clearInterruptFlag</name>
         <value>0x4071</value>
         <object_component_ref idref="oc-2e1"/>
      </symbol>
      <symbol id="sm-50c">
         <name>I2C_setSlaveAddress</name>
         <value>0x40f3</value>
         <object_component_ref idref="oc-2db"/>
      </symbol>
      <symbol id="sm-50d">
         <name>I2C_initMaster</name>
         <value>0x3371</value>
         <object_component_ref idref="oc-427"/>
      </symbol>
      <symbol id="sm-50e">
         <name>I2C_disableModule</name>
         <value>0x4087</value>
         <object_component_ref idref="oc-42d"/>
      </symbol>
      <symbol id="sm-519">
         <name>Interrupt_disableMaster</name>
         <value>0x4169</value>
         <object_component_ref idref="oc-151"/>
      </symbol>
      <symbol id="sm-597">
         <name>PCM_setCoreVoltageLevel</name>
         <value>0x4179</value>
         <object_component_ref idref="oc-157"/>
      </symbol>
      <symbol id="sm-598">
         <name>PCM_getCoreVoltageLevel</name>
         <value>0x3493</value>
         <object_component_ref idref="oc-392"/>
      </symbol>
      <symbol id="sm-599">
         <name>PCM_getPowerMode</name>
         <value>0x34f1</value>
         <object_component_ref idref="oc-38c"/>
      </symbol>
      <symbol id="sm-59a">
         <name>PCM_getPowerState</name>
         <value>0x411d</value>
         <object_component_ref idref="oc-398"/>
      </symbol>
      <symbol id="sm-59b">
         <name>PCM_setPowerMode</name>
         <value>0x4189</value>
         <object_component_ref idref="oc-39e"/>
      </symbol>
      <symbol id="sm-5db">
         <name>EUSCI_B_SPI_enable</name>
         <value>0x402f</value>
         <object_component_ref idref="oc-5b3"/>
      </symbol>
      <symbol id="sm-5dc">
         <name>SPI_enableModule</name>
         <value>0x3ec5</value>
         <object_component_ref idref="oc-518"/>
      </symbol>
      <symbol id="sm-5dd">
         <name>EUSCI_A_SPI_enable</name>
         <value>0x4019</value>
         <object_component_ref idref="oc-5ad"/>
      </symbol>
      <symbol id="sm-5de">
         <name>SPI_initMaster</name>
         <value>0x28cf</value>
         <object_component_ref idref="oc-512"/>
      </symbol>
      <symbol id="sm-61e">
         <name>Timer_A_initCompare</name>
         <value>0x36ed</value>
         <object_component_ref idref="oc-1a7"/>
      </symbol>
      <symbol id="sm-61f">
         <name>Timer_A_startCounter</name>
         <value>0x40b3</value>
         <object_component_ref idref="oc-29a"/>
      </symbol>
      <symbol id="sm-620">
         <name>Timer_A_configureUpMode</name>
         <value>0x3171</value>
         <object_component_ref idref="oc-294"/>
      </symbol>
      <symbol id="sm-62c">
         <name>WDT_A_holdTimer</name>
         <value>0x3e29</value>
         <object_component_ref idref="oc-14b"/>
      </symbol>
      <symbol id="sm-636">
         <name>CPU_cpsid</name>
         <value>0x41a7</value>
         <object_component_ref idref="oc-231"/>
      </symbol>
      <symbol id="sm-65d">
         <name>sprintf</name>
         <value>0x3a6d</value>
         <object_component_ref idref="oc-e8"/>
      </symbol>
      <symbol id="sm-678">
         <name>memcpy</name>
         <value>0x2b55</value>
         <object_component_ref idref="oc-37"/>
      </symbol>
      <symbol id="sm-679">
         <name>__aeabi_memcpy</name>
         <value>0x2b55</value>
         <object_component_ref idref="oc-37"/>
      </symbol>
      <symbol id="sm-67a">
         <name>__aeabi_memcpy8</name>
         <value>0x2b55</value>
         <object_component_ref idref="oc-37"/>
      </symbol>
      <symbol id="sm-67b">
         <name>__aeabi_memcpy4</name>
         <value>0x2b55</value>
         <object_component_ref idref="oc-37"/>
      </symbol>
      <symbol id="sm-694">
         <name>__TI_zero_init_nomemset</name>
         <value>0x3efd</value>
         <object_component_ref idref="oc-43"/>
      </symbol>
      <symbol id="sm-6ab">
         <name>__TI_decompress_none</name>
         <value>0x4199</value>
         <object_component_ref idref="oc-1d"/>
      </symbol>
      <symbol id="sm-6ce">
         <name>__TI_decompress_lzss</name>
         <value>0x31d9</value>
         <object_component_ref idref="oc-17"/>
      </symbol>
      <symbol id="sm-6e1">
         <name>__stack</name>
         <value>0x2000fe00</value>
         <object_component_ref idref="oc-29"/>
      </symbol>
      <symbol id="sm-6e2">
         <name>_c_int00_noargs</name>
         <value>0x3c31</value>
         <object_component_ref idref="oc-55"/>
      </symbol>
      <symbol id="sm-847">
         <name>__TI_printfi</name>
         <value>0xe5</value>
         <object_component_ref idref="oc-1d4"/>
      </symbol>
      <symbol id="sm-867">
         <name>frexpl</name>
         <value>0x330d</value>
         <object_component_ref idref="oc-4c6"/>
      </symbol>
      <symbol id="sm-868">
         <name>frexp</name>
         <value>0x330d</value>
         <object_component_ref idref="oc-4c6"/>
      </symbol>
      <symbol id="sm-885">
         <name>scalbn</name>
         <value>0x2335</value>
         <object_component_ref idref="oc-4cc"/>
      </symbol>
      <symbol id="sm-886">
         <name>scalbnl</name>
         <value>0x2335</value>
         <object_component_ref idref="oc-4cc"/>
      </symbol>
      <symbol id="sm-887">
         <name>ldexpl</name>
         <value>0x2335</value>
         <object_component_ref idref="oc-4cc"/>
      </symbol>
      <symbol id="sm-888">
         <name>ldexp</name>
         <value>0x2335</value>
         <object_component_ref idref="oc-4cc"/>
      </symbol>
      <symbol id="sm-8a1">
         <name>wcslen</name>
         <value>0x4157</value>
         <object_component_ref idref="oc-34e"/>
      </symbol>
      <symbol id="sm-8b8">
         <name>__aeabi_dsub</name>
         <value>0x17b5</value>
         <object_component_ref idref="oc-4a6"/>
      </symbol>
      <symbol id="sm-8b9">
         <name>__aeabi_dadd</name>
         <value>0x17bf</value>
         <object_component_ref idref="oc-4a6"/>
      </symbol>
      <symbol id="sm-8db">
         <name>__aeabi_cdcmpeq</name>
         <value>0x2e2d</value>
         <object_component_ref idref="oc-32b"/>
      </symbol>
      <symbol id="sm-8dc">
         <name>__aeabi_cdcmple</name>
         <value>0x2e2d</value>
         <object_component_ref idref="oc-32b"/>
      </symbol>
      <symbol id="sm-8dd">
         <name>__aeabi_cdrcmple</name>
         <value>0x2eb3</value>
         <object_component_ref idref="oc-491"/>
      </symbol>
      <symbol id="sm-8f1">
         <name>__aeabi_ddiv</name>
         <value>0x1d49</value>
         <object_component_ref idref="oc-48c"/>
      </symbol>
      <symbol id="sm-8fc">
         <name>__aeabi_dmul</name>
         <value>0x254d</value>
         <object_component_ref idref="oc-487"/>
      </symbol>
      <symbol id="sm-906">
         <name>__aeabi_d2iz</name>
         <value>0x3861</value>
         <object_component_ref idref="oc-496"/>
      </symbol>
      <symbol id="sm-910">
         <name>__aeabi_i2d</name>
         <value>0x3cfd</value>
         <object_component_ref idref="oc-4a1"/>
      </symbol>
      <symbol id="sm-91d">
         <name>__aeabi_uldivmod</name>
         <value>0x2bf1</value>
         <object_component_ref idref="oc-480"/>
      </symbol>
      <symbol id="sm-92c">
         <name>__aeabi_memset</name>
         <value>0x2f3b</value>
         <object_component_ref idref="oc-8d"/>
      </symbol>
      <symbol id="sm-92d">
         <name>memset</name>
         <value>0x2f41</value>
         <object_component_ref idref="oc-8d"/>
      </symbol>
      <symbol id="sm-92e">
         <name>__aeabi_memset8</name>
         <value>0x2f3b</value>
         <object_component_ref idref="oc-8d"/>
      </symbol>
      <symbol id="sm-92f">
         <name>__aeabi_memset4</name>
         <value>0x2f3b</value>
         <object_component_ref idref="oc-8d"/>
      </symbol>
      <symbol id="sm-930">
         <name>__aeabi_memclr8</name>
         <value>0x2f39</value>
         <object_component_ref idref="oc-8d"/>
      </symbol>
      <symbol id="sm-931">
         <name>__aeabi_memclr4</name>
         <value>0x2f39</value>
         <object_component_ref idref="oc-8d"/>
      </symbol>
      <symbol id="sm-932">
         <name>__aeabi_memclr</name>
         <value>0x2f39</value>
         <object_component_ref idref="oc-8d"/>
      </symbol>
      <symbol id="sm-95a">
         <name>__TI_auto_init_nobinit_nopinit</name>
         <value>0x38a9</value>
         <object_component_ref idref="oc-112"/>
      </symbol>
      <symbol id="sm-964">
         <name>_system_pre_init</name>
         <value>0x41dd</value>
         <object_component_ref idref="oc-93"/>
      </symbol>
      <symbol id="sm-970">
         <name>C$$EXIT</name>
         <value>0x41e1</value>
         <object_component_ref idref="oc-106"/>
      </symbol>
      <symbol id="sm-971">
         <name>abort</name>
         <value>0x41e1</value>
         <object_component_ref idref="oc-106"/>
      </symbol>
      <symbol id="sm-981">
         <name>__TI_ltoa</name>
         <value>0x35f5</value>
         <object_component_ref idref="oc-49b"/>
      </symbol>
      <symbol id="sm-998">
         <name>atoi</name>
         <value>0x373d</value>
         <object_component_ref idref="oc-31f"/>
      </symbol>
      <symbol id="sm-9a3">
         <name>_ctypes_</name>
         <value>0x578f</value>
         <object_component_ref idref="oc-47b"/>
      </symbol>
      <symbol id="sm-9b3">
         <name>memccpy</name>
         <value>0x3f19</value>
         <object_component_ref idref="oc-348"/>
      </symbol>
      <symbol id="sm-9c3">
         <name>strchr</name>
         <value>0x40c9</value>
         <object_component_ref idref="oc-4d2"/>
      </symbol>
      <symbol id="sm-9d1">
         <name>strlen</name>
         <value>0x4131</value>
         <object_component_ref idref="oc-319"/>
      </symbol>
      <symbol id="sm-9e7">
         <name>__aeabi_errno_addr</name>
         <value>0x41d5</value>
         <object_component_ref idref="oc-354"/>
      </symbol>
      <symbol id="sm-9e8">
         <name>errno</name>
         <value>0x20000098</value>
         <object_component_ref idref="oc-4e2"/>
      </symbol>
      <symbol id="sm-9f2">
         <name>copysign</name>
         <value>0x3f9d</value>
         <object_component_ref idref="oc-588"/>
      </symbol>
      <symbol id="sm-9f3">
         <name>copysignl</name>
         <value>0x3f9d</value>
         <object_component_ref idref="oc-588"/>
      </symbol>
      <symbol id="sm-9fd">
         <name>__aeabi_idiv0</name>
         <value>0x1e7f</value>
         <object_component_ref idref="oc-56f"/>
      </symbol>
      <symbol id="sm-9fe">
         <name>__aeabi_ldiv0</name>
         <value>0x1e7f</value>
         <object_component_ref idref="oc-56f"/>
      </symbol>
      <symbol id="sm-9ff">
         <name>__TI_static_base__</name>
         <value>0x0</value>
      </symbol>
      <symbol id="sm-a02">
         <name>__mpu_init</name>
         <value>0x0</value>
      </symbol>
      <symbol id="sm-a03">
         <name>_system_post_cinit</name>
         <value>0x0</value>
      </symbol>
      <symbol id="sm-a04">
         <name>NMI_Handler</name>
         <value>0x196b</value>
      </symbol>
      <symbol id="sm-a05">
         <name>HardFault_Handler</name>
         <value>0x196b</value>
      </symbol>
      <symbol id="sm-a06">
         <name>MemManage_Handler</name>
         <value>0x196b</value>
      </symbol>
      <symbol id="sm-a07">
         <name>BusFault_Handler</name>
         <value>0x196b</value>
      </symbol>
      <symbol id="sm-a08">
         <name>UsageFault_Handler</name>
         <value>0x196b</value>
      </symbol>
      <symbol id="sm-a09">
         <name>SVC_Handler</name>
         <value>0x196b</value>
      </symbol>
      <symbol id="sm-a0a">
         <name>DebugMon_Handler</name>
         <value>0x196b</value>
      </symbol>
      <symbol id="sm-a0b">
         <name>PendSV_Handler</name>
         <value>0x196b</value>
      </symbol>
      <symbol id="sm-a0c">
         <name>SysTick_Handler</name>
         <value>0x196b</value>
      </symbol>
      <symbol id="sm-a0d">
         <name>PSS_IRQHandler</name>
         <value>0x196b</value>
      </symbol>
      <symbol id="sm-a0e">
         <name>CS_IRQHandler</name>
         <value>0x196b</value>
      </symbol>
      <symbol id="sm-a0f">
         <name>PCM_IRQHandler</name>
         <value>0x196b</value>
      </symbol>
      <symbol id="sm-a10">
         <name>WDT_A_IRQHandler</name>
         <value>0x196b</value>
      </symbol>
      <symbol id="sm-a11">
         <name>FPU_IRQHandler</name>
         <value>0x196b</value>
      </symbol>
      <symbol id="sm-a12">
         <name>FLCTL_IRQHandler</name>
         <value>0x196b</value>
      </symbol>
      <symbol id="sm-a13">
         <name>COMP_E0_IRQHandler</name>
         <value>0x196b</value>
      </symbol>
      <symbol id="sm-a14">
         <name>COMP_E1_IRQHandler</name>
         <value>0x196b</value>
      </symbol>
      <symbol id="sm-a15">
         <name>TA0_0_IRQHandler</name>
         <value>0x196b</value>
      </symbol>
      <symbol id="sm-a16">
         <name>TA0_N_IRQHandler</name>
         <value>0x196b</value>
      </symbol>
      <symbol id="sm-a17">
         <name>TA1_0_IRQHandler</name>
         <value>0x196b</value>
      </symbol>
      <symbol id="sm-a18">
         <name>TA1_N_IRQHandler</name>
         <value>0x196b</value>
      </symbol>
      <symbol id="sm-a19">
         <name>TA2_0_IRQHandler</name>
         <value>0x196b</value>
      </symbol>
      <symbol id="sm-a1a">
         <name>TA2_N_IRQHandler</name>
         <value>0x196b</value>
      </symbol>
      <symbol id="sm-a1b">
         <name>TA3_0_IRQHandler</name>
         <value>0x196b</value>
      </symbol>
      <symbol id="sm-a1c">
         <name>TA3_N_IRQHandler</name>
         <value>0x196b</value>
      </symbol>
      <symbol id="sm-a1d">
         <name>EUSCIA0_IRQHandler</name>
         <value>0x196b</value>
      </symbol>
      <symbol id="sm-a1e">
         <name>EUSCIA1_IRQHandler</name>
         <value>0x196b</value>
      </symbol>
      <symbol id="sm-a1f">
         <name>EUSCIA2_IRQHandler</name>
         <value>0x196b</value>
      </symbol>
      <symbol id="sm-a20">
         <name>EUSCIA3_IRQHandler</name>
         <value>0x196b</value>
      </symbol>
      <symbol id="sm-a21">
         <name>EUSCIB0_IRQHandler</name>
         <value>0x196b</value>
      </symbol>
      <symbol id="sm-a22">
         <name>EUSCIB1_IRQHandler</name>
         <value>0x196b</value>
      </symbol>
      <symbol id="sm-a23">
         <name>EUSCIB2_IRQHandler</name>
         <value>0x196b</value>
      </symbol>
      <symbol id="sm-a24">
         <name>EUSCIB3_IRQHandler</name>
         <value>0x196b</value>
      </symbol>
      <symbol id="sm-a25">
         <name>ADC14_IRQHandler</name>
         <value>0x196b</value>
      </symbol>
      <symbol id="sm-a26">
         <name>T32_INT1_IRQHandler</name>
         <value>0x196b</value>
      </symbol>
      <symbol id="sm-a27">
         <name>T32_INT2_IRQHandler</name>
         <value>0x196b</value>
      </symbol>
      <symbol id="sm-a28">
         <name>T32_INTC_IRQHandler</name>
         <value>0x196b</value>
      </symbol>
      <symbol id="sm-a29">
         <name>AES256_IRQHandler</name>
         <value>0x196b</value>
      </symbol>
      <symbol id="sm-a2a">
         <name>RTC_C_IRQHandler</name>
         <value>0x196b</value>
      </symbol>
      <symbol id="sm-a2b">
         <name>DMA_ERR_IRQHandler</name>
         <value>0x196b</value>
      </symbol>
      <symbol id="sm-a2c">
         <name>DMA_INT3_IRQHandler</name>
         <value>0x196b</value>
      </symbol>
      <symbol id="sm-a2d">
         <name>DMA_INT2_IRQHandler</name>
         <value>0x196b</value>
      </symbol>
      <symbol id="sm-a2e">
         <name>DMA_INT1_IRQHandler</name>
         <value>0x196b</value>
      </symbol>
      <symbol id="sm-a2f">
         <name>DMA_INT0_IRQHandler</name>
         <value>0x196b</value>
      </symbol>
      <symbol id="sm-a30">
         <name>PORT1_IRQHandler</name>
         <value>0x196b</value>
      </symbol>
      <symbol id="sm-a31">
         <name>PORT2_IRQHandler</name>
         <value>0x196b</value>
      </symbol>
      <symbol id="sm-a32">
         <name>PORT3_IRQHandler</name>
         <value>0x196b</value>
      </symbol>
      <symbol id="sm-a33">
         <name>PORT4_IRQHandler</name>
         <value>0x196b</value>
      </symbol>
      <symbol id="sm-a34">
         <name>PORT5_IRQHandler</name>
         <value>0x196b</value>
      </symbol>
      <symbol id="sm-a35">
         <name>PORT6_IRQHandler</name>
         <value>0x196b</value>
      </symbol>
   </symbol_table>
   <title>Link successful</title>
</link_info>
